Archive member included to satisfy reference by file (symbol)

/opt/gcc-arm-none-eabi-6-2017-q2-update/bin/../lib/gcc/arm-none-eabi/6.3.1/../../../../arm-none-eabi/lib/thumb/v7e-m/fpv4-sp/hard/libc_nano.a(lib_a-exit.o)
                              /opt/gcc-arm-none-eabi-6-2017-q2-update/bin/../lib/gcc/arm-none-eabi/6.3.1/../../../../arm-none-eabi/lib/thumb/v7e-m/fpv4-sp/hard/crt0.o (exit)
/opt/gcc-arm-none-eabi-6-2017-q2-update/bin/../lib/gcc/arm-none-eabi/6.3.1/../../../../arm-none-eabi/lib/thumb/v7e-m/fpv4-sp/hard/libc_nano.a(lib_a-impure.o)
                              /opt/gcc-arm-none-eabi-6-2017-q2-update/bin/../lib/gcc/arm-none-eabi/6.3.1/../../../../arm-none-eabi/lib/thumb/v7e-m/fpv4-sp/hard/libc_nano.a(lib_a-exit.o) (_global_impure_ptr)
/opt/gcc-arm-none-eabi-6-2017-q2-update/bin/../lib/gcc/arm-none-eabi/6.3.1/../../../../arm-none-eabi/lib/thumb/v7e-m/fpv4-sp/hard/libc_nano.a(lib_a-init.o)
                              /opt/gcc-arm-none-eabi-6-2017-q2-update/bin/../lib/gcc/arm-none-eabi/6.3.1/../../../../arm-none-eabi/lib/thumb/v7e-m/fpv4-sp/hard/crt0.o (__libc_init_array)
/opt/gcc-arm-none-eabi-6-2017-q2-update/bin/../lib/gcc/arm-none-eabi/6.3.1/../../../../arm-none-eabi/lib/thumb/v7e-m/fpv4-sp/hard/libc_nano.a(lib_a-locale.o)
                              _build_2/nrf52832_xxaa/nrf_log_str_formatter.c.o (__locale_ctype_ptr)
/opt/gcc-arm-none-eabi-6-2017-q2-update/bin/../lib/gcc/arm-none-eabi/6.3.1/../../../../arm-none-eabi/lib/thumb/v7e-m/fpv4-sp/hard/libc_nano.a(lib_a-malloc.o)
                              _build_2/nrf52832_xxaa/bme280.c.o (malloc)
/opt/gcc-arm-none-eabi-6-2017-q2-update/bin/../lib/gcc/arm-none-eabi/6.3.1/../../../../arm-none-eabi/lib/thumb/v7e-m/fpv4-sp/hard/libc_nano.a(lib_a-mbtowc_r.o)
                              /opt/gcc-arm-none-eabi-6-2017-q2-update/bin/../lib/gcc/arm-none-eabi/6.3.1/../../../../arm-none-eabi/lib/thumb/v7e-m/fpv4-sp/hard/libc_nano.a(lib_a-locale.o) (__ascii_mbtowc)
/opt/gcc-arm-none-eabi-6-2017-q2-update/bin/../lib/gcc/arm-none-eabi/6.3.1/../../../../arm-none-eabi/lib/thumb/v7e-m/fpv4-sp/hard/libc_nano.a(lib_a-memcpy-stub.o)
                              _build_2/nrf52832_xxaa/nrf_log_frontend.c.o (memcpy)
/opt/gcc-arm-none-eabi-6-2017-q2-update/bin/../lib/gcc/arm-none-eabi/6.3.1/../../../../arm-none-eabi/lib/thumb/v7e-m/fpv4-sp/hard/libc_nano.a(lib_a-memset.o)
                              /opt/gcc-arm-none-eabi-6-2017-q2-update/bin/../lib/gcc/arm-none-eabi/6.3.1/../../../../arm-none-eabi/lib/thumb/v7e-m/fpv4-sp/hard/crt0.o (memset)
/opt/gcc-arm-none-eabi-6-2017-q2-update/bin/../lib/gcc/arm-none-eabi/6.3.1/../../../../arm-none-eabi/lib/thumb/v7e-m/fpv4-sp/hard/libc_nano.a(lib_a-nano-freer.o)
                              /opt/gcc-arm-none-eabi-6-2017-q2-update/bin/../lib/gcc/arm-none-eabi/6.3.1/../../../../arm-none-eabi/lib/thumb/v7e-m/fpv4-sp/hard/libc_nano.a(lib_a-malloc.o) (_free_r)
/opt/gcc-arm-none-eabi-6-2017-q2-update/bin/../lib/gcc/arm-none-eabi/6.3.1/../../../../arm-none-eabi/lib/thumb/v7e-m/fpv4-sp/hard/libc_nano.a(lib_a-nano-mallocr.o)
                              /opt/gcc-arm-none-eabi-6-2017-q2-update/bin/../lib/gcc/arm-none-eabi/6.3.1/../../../../arm-none-eabi/lib/thumb/v7e-m/fpv4-sp/hard/libc_nano.a(lib_a-malloc.o) (_malloc_r)
/opt/gcc-arm-none-eabi-6-2017-q2-update/bin/../lib/gcc/arm-none-eabi/6.3.1/../../../../arm-none-eabi/lib/thumb/v7e-m/fpv4-sp/hard/libc_nano.a(lib_a-printf.o)
                              _build_2/nrf52832_xxaa/Func.c.o (printf)
/opt/gcc-arm-none-eabi-6-2017-q2-update/bin/../lib/gcc/arm-none-eabi/6.3.1/../../../../arm-none-eabi/lib/thumb/v7e-m/fpv4-sp/hard/libc_nano.a(lib_a-sbrkr.o)
                              /opt/gcc-arm-none-eabi-6-2017-q2-update/bin/../lib/gcc/arm-none-eabi/6.3.1/../../../../arm-none-eabi/lib/thumb/v7e-m/fpv4-sp/hard/libc_nano.a(lib_a-nano-mallocr.o) (_sbrk_r)
/opt/gcc-arm-none-eabi-6-2017-q2-update/bin/../lib/gcc/arm-none-eabi/6.3.1/../../../../arm-none-eabi/lib/thumb/v7e-m/fpv4-sp/hard/libc_nano.a(lib_a-sprintf.o)
                              _build_2/nrf52832_xxaa/Func.c.o (sprintf)
/opt/gcc-arm-none-eabi-6-2017-q2-update/bin/../lib/gcc/arm-none-eabi/6.3.1/../../../../arm-none-eabi/lib/thumb/v7e-m/fpv4-sp/hard/libc_nano.a(lib_a-strcmp.o)
                              _build_2/nrf52832_xxaa/MQTTClient.c.o (strcmp)
/opt/gcc-arm-none-eabi-6-2017-q2-update/bin/../lib/gcc/arm-none-eabi/6.3.1/../../../../arm-none-eabi/lib/thumb/v7e-m/fpv4-sp/hard/libc_nano.a(lib_a-strcpy.o)
                              _build_2/nrf52832_xxaa/SEGGER_RTT.c.o (strcpy)
/opt/gcc-arm-none-eabi-6-2017-q2-update/bin/../lib/gcc/arm-none-eabi/6.3.1/../../../../arm-none-eabi/lib/thumb/v7e-m/fpv4-sp/hard/libc_nano.a(lib_a-strlen.o)
                              _build_2/nrf52832_xxaa/nrf_log_frontend.c.o (strlen)
/opt/gcc-arm-none-eabi-6-2017-q2-update/bin/../lib/gcc/arm-none-eabi/6.3.1/../../../../arm-none-eabi/lib/thumb/v7e-m/fpv4-sp/hard/libc_nano.a(lib_a-strncmp.o)
[...]
Memory Configuration

Name             Origin             Length             Attributes
FLASH            0x0000000000000000 0x0000000000080000 xr
RAM              0x0000000020000000 0x0000000000010000 xrw
*default*        0x0000000000000000 0xffffffffffffffff

Linker script and memory map


.text           0x0000000000000000    0x10e14
 *(.isr_vector)
 .isr_vector    0x0000000000000000      0x200 _build_2/nrf52832_xxaa/gcc_startup_nrf52.S.o
                0x0000000000000000                __isr_vector
 *(.text*)
 .text          0x0000000000000200       0x6c /opt/gcc-arm-none-eabi-6-2017-q2-update/bin/../lib/gcc/arm-none-eabi/6.3.1/thumb/v7e-m/fpv4-sp/hard/crtbegin.o
 .text          0x000000000000026c       0x74 /opt/gcc-arm-none-eabi-6-2017-q2-update/bin/../lib/gcc/arm-none-eabi/6.3.1/../../../../arm-none-eabi/lib/thumb/v7e-m/fpv4-sp/hard/crt0.o
                0x000000000000026c                _mainCRTStartup
                0x000000000000026c                _start
 .text.nrf_log_backend_rtt_init
                0x00000000000002e0        0xc _build_2/nrf52832_xxaa/nrf_log_backend_rtt.c.o
                0x00000000000002e0                nrf_log_backend_rtt_init
 .text.serial_tx
                0x00000000000002ec       0x60 _build_2/nrf52832_xxaa/nrf_log_backend_rtt.c.o
 .text.nrf_log_backend_rtt_put
                0x000000000000034c       0x2c _build_2/nrf52832_xxaa/nrf_log_backend_rtt.c.o
 .text.nrf_log_backend_rtt_flush
                0x0000000000000378       0x14 _build_2/nrf52832_xxaa/nrf_log_backend_rtt.c.o
 .text.nrf_log_backend_rtt_panic_set
                0x000000000000038c       0x14 _build_2/nrf52832_xxaa/nrf_log_backend_rtt.c.o
 .text.nrf_log_backend_serial_put
                0x00000000000003a0      0x15e _build_2/nrf52832_xxaa/nrf_log_backend_serial.c.o
                0x00000000000003a0                nrf_log_backend_serial_put
 *fill*         0x00000000000004fe        0x2 
 .text.uart_evt_handler
                0x0000000000000500       0x20 _build_2/nrf52832_xxaa/nrf_log_backend_uart.c.o
 .text.uart_init
                0x0000000000000520       0x84 _build_2/nrf52832_xxaa/nrf_log_backend_uart.c.o
 .text.nrf_log_backend_uart_init
                0x00000000000005a4       0x1a _build_2/nrf52832_xxaa/nrf_log_backend_uart.c.o
                0x00000000000005a4                nrf_log_backend_uart_init
 *fill*         0x00000000000005be        0x2 
 .text.serial_tx
                0x00000000000005c0       0x64 _build_2/nrf52832_xxaa/nrf_log_backend_uart.c.o
 .text.nrf_log_backend_uart_put
                0x0000000000000624       0x2c _build_2/nrf52832_xxaa/nrf_log_backend_uart.c.o
 .text.nrf_log_backend_uart_flush
                0x0000000000000650       0x14 _build_2/nrf52832_xxaa/nrf_log_backend_uart.c.o
 .text.nrf_log_backend_uart_panic_set
                0x0000000000000664       0x20 _build_2/nrf52832_xxaa/nrf_log_backend_uart.c.o
 .text.nrf_log_backend_enable
                0x0000000000000684       0x1a _build_2/nrf52832_xxaa/nrf_log_default_backends.c.o
 *fill*         0x000000000000069e        0x2 
 .text.nrf_log_default_backends_init
                0x00000000000006a0       0x44 _build_2/nrf52832_xxaa/nrf_log_default_backends.c.o
                0x00000000000006a0                nrf_log_default_backends_init
 .text.nrf_log_backend_put
                0x00000000000006e4       0x1e _build_2/nrf52832_xxaa/nrf_log_frontend.c.o
 .text.nrf_log_backend_panic_set
                0x0000000000000702       0x1a _build_2/nrf52832_xxaa/nrf_log_frontend.c.o
 .text.nrf_log_backend_id_set
                0x000000000000071c       0x1e _build_2/nrf52832_xxaa/nrf_log_frontend.c.o
 .text.nrf_log_backend_id_get
                0x000000000000073a       0x18 _build_2/nrf52832_xxaa/nrf_log_frontend.c.o
 .text.nrf_log_backend_enable
                0x0000000000000752       0x1a _build_2/nrf52832_xxaa/nrf_log_frontend.c.o
 .text.nrf_log_backend_is_enabled
                0x000000000000076c       0x18 _build_2/nrf52832_xxaa/nrf_log_frontend.c.o
 .text.nrf_atomic_u32_or
                0x0000000000000784       0x32 _build_2/nrf52832_xxaa/nrf_log_frontend.c.o
 .text.nrf_atomic_u32_fetch_and
                0x00000000000007b6       0x32 _build_2/nrf52832_xxaa/nrf_log_frontend.c.o
 .text.nrf_atomic_flag_set
                0x00000000000007e8       0x1a _build_2/nrf52832_xxaa/nrf_log_frontend.c.o
 .text.nrf_atomic_flag_clear_fetch
                0x0000000000000802       0x1a _build_2/nrf52832_xxaa/nrf_log_frontend.c.o
 .text.nrf_log_init
                0x000000000000081c       0x9c _build_2/nrf52832_xxaa/nrf_log_frontend.c.o
                0x000000000000081c                nrf_log_init
 .text.nrf_log_module_cnt_get
                0x00000000000008b8       0x20 _build_2/nrf52832_xxaa/nrf_log_frontend.c.o
                0x00000000000008b8                nrf_log_module_cnt_get
 .text.module_idx_get
                0x00000000000008d8       0x68 _build_2/nrf52832_xxaa/nrf_log_frontend.c.o
 .text.nrf_log_module_name_get
                0x0000000000000940       0x3c _build_2/nrf52832_xxaa/nrf_log_frontend.c.o
                0x0000000000000940                nrf_log_module_name_get
 .text.nrf_log_color_id_get
                0x000000000000097c       0x68 _build_2/nrf52832_xxaa/nrf_log_frontend.c.o
                0x000000000000097c                nrf_log_color_id_get
 .text.log_skip
                0x00000000000009e4      0x108 _build_2/nrf52832_xxaa/nrf_log_frontend.c.o
 .text.std_header_set
                0x0000000000000aec       0xb0 _build_2/nrf52832_xxaa/nrf_log_frontend.c.o
 .text.buf_prealloc
                0x0000000000000b9c       0x84 _build_2/nrf52832_xxaa/nrf_log_frontend.c.o
 .text.std_n    0x0000000000000c20       0x90 _build_2/nrf52832_xxaa/nrf_log_frontend.c.o
 .text.nrf_log_frontend_std_0
                0x0000000000000cb0       0x1e _build_2/nrf52832_xxaa/nrf_log_frontend.c.o
                0x0000000000000cb0                nrf_log_frontend_std_0
 *fill*         0x0000000000000cce        0x2 
 .text.buffer_is_empty
                0x0000000000000cd0       0x24 _build_2/nrf52832_xxaa/nrf_log_frontend.c.o
                0x0000000000000cd0                buffer_is_empty
 .text.nrf_log_frontend_dequeue
                0x0000000000000cf4      0x33c _build_2/nrf52832_xxaa/nrf_log_frontend.c.o
                0x0000000000000cf4                nrf_log_frontend_dequeue
 .text.backend_id_assign
                0x0000000000001030       0x64 _build_2/nrf52832_xxaa/nrf_log_frontend.c.o
 .text.nrf_log_backend_add
                0x0000000000001094       0x68 _build_2/nrf52832_xxaa/nrf_log_frontend.c.o
                0x0000000000001094                nrf_log_backend_add
 .text.nrf_log_panic
                0x00000000000010fc       0x3c _build_2/nrf52832_xxaa/nrf_log_frontend.c.o
                0x00000000000010fc                nrf_log_panic
 .text.prefix_process
                0x0000000000001138       0x84 _build_2/nrf52832_xxaa/nrf_log_str_formatter.c.o
 .text.postfix_process
                0x00000000000011bc       0x64 _build_2/nrf52832_xxaa/nrf_log_str_formatter.c.o
 .text.nrf_log_std_entry_process
                0x0000000000001220      0x144 _build_2/nrf52832_xxaa/nrf_log_str_formatter.c.o
                0x0000000000001220                nrf_log_std_entry_process
 .text.nrf_log_hexdump_entry_process
                0x0000000000001364       0xe8 _build_2/nrf52832_xxaa/nrf_log_str_formatter.c.o
                0x0000000000001364                nrf_log_hexdump_entry_process
 .text.nrf_gpio_pin_port_decode
                0x000000000000144c       0x18 _build_2/nrf52832_xxaa/boards.c.o
 .text.nrf_gpio_cfg
                0x0000000000001464       0x52 _build_2/nrf52832_xxaa/boards.c.o
 .text.nrf_gpio_cfg_output
                0x00000000000014b6       0x24 _build_2/nrf52832_xxaa/boards.c.o
 .text.nrf_gpio_pin_set
                0x00000000000014da       0x2a _build_2/nrf52832_xxaa/boards.c.o
 .text.nrf_gpio_pin_clear
                0x0000000000001504       0x2a _build_2/nrf52832_xxaa/boards.c.o
 .text.nrf_gpio_pin_toggle
                0x000000000000152e       0x46 _build_2/nrf52832_xxaa/boards.c.o
 .text.nrf_gpio_pin_write
                0x0000000000001574       0x26 _build_2/nrf52832_xxaa/boards.c.o
 .text.nrf_gpio_pin_out_read
                0x000000000000159a       0x2c _build_2/nrf52832_xxaa/boards.c.o
 .text.nrf_gpio_port_out_read
                0x00000000000015c6       0x1a _build_2/nrf52832_xxaa/boards.c.o
 .text.nrf_gpio_port_out_set
                0x00000000000015e0       0x1e _build_2/nrf52832_xxaa/boards.c.o
 .text.nrf_gpio_port_out_clear
                0x00000000000015fe       0x1e _build_2/nrf52832_xxaa/boards.c.o
 .text.bsp_board_led_state_get
                0x000000000000161c       0x48 _build_2/nrf52832_xxaa/boards.c.o
                0x000000000000161c                bsp_board_led_state_get
 .text.bsp_board_led_on
                0x0000000000001664       0x24 _build_2/nrf52832_xxaa/boards.c.o
                0x0000000000001664                bsp_board_led_on
 .text.bsp_board_led_off
                0x0000000000001688       0x24 _build_2/nrf52832_xxaa/boards.c.o
                0x0000000000001688                bsp_board_led_off
 .text.bsp_board_leds_off
                0x00000000000016ac       0x26 _build_2/nrf52832_xxaa/boards.c.o
                0x00000000000016ac                bsp_board_leds_off
 .text.bsp_board_leds_on
                0x00000000000016d2       0x26 _build_2/nrf52832_xxaa/boards.c.o
                0x00000000000016d2                bsp_board_leds_on
 .text.bsp_board_led_invert
                0x00000000000016f8       0x24 _build_2/nrf52832_xxaa/boards.c.o
                0x00000000000016f8                bsp_board_led_invert
 .text.bsp_board_leds_init
                0x000000000000171c       0x38 _build_2/nrf52832_xxaa/boards.c.o
                0x000000000000171c                bsp_board_leds_init
 .text.bsp_board_pin_to_button_idx
                0x0000000000001754       0x48 _build_2/nrf52832_xxaa/boards.c.o
                0x0000000000001754                bsp_board_pin_to_button_idx
 .text.detection_delay_timeout_handler
                0x000000000000179c       0xc8 _build_2/nrf52832_xxaa/app_button.c.o
 .text.gpiote_event_handler
                0x0000000000001864       0xa0 _build_2/nrf52832_xxaa/app_button.c.o
 .text.app_button_init
                0x0000000000001904       0xd4 _build_2/nrf52832_xxaa/app_button.c.o
                0x0000000000001904                app_button_init
 .text.app_button_enable
                0x00000000000019d8       0x44 _build_2/nrf52832_xxaa/app_button.c.o
                0x00000000000019d8                app_button_enable
 .text.app_error_handler_bare
                0x0000000000001a1c       0x2c _build_2/nrf52832_xxaa/app_error.c.o
                0x0000000000001a1c                app_error_handler_bare
 .text.NVIC_SystemReset
                0x0000000000001a48       0x28 _build_2/nrf52832_xxaa/app_error_weak.c.o
 .text.app_error_fault_handler
                0x0000000000001a70       0x6c _build_2/nrf52832_xxaa/app_error_weak.c.o
                0x0000000000001a70                app_error_fault_handler
 .text.fifo_length
                0x0000000000001adc       0x22 _build_2/nrf52832_xxaa/app_fifo.c.o
 .text.fifo_put
                0x0000000000001afe       0x36 _build_2/nrf52832_xxaa/app_fifo.c.o
 .text.fifo_peek
                0x0000000000001b34       0x34 _build_2/nrf52832_xxaa/app_fifo.c.o
 .text.fifo_get
                0x0000000000001b68       0x26 _build_2/nrf52832_xxaa/app_fifo.c.o
 .text.app_fifo_put
                0x0000000000001b8e       0x34 _build_2/nrf52832_xxaa/app_fifo.c.o
                0x0000000000001b8e                app_fifo_put
 .text.app_fifo_get
                0x0000000000001bc2       0x2c _build_2/nrf52832_xxaa/app_fifo.c.o
                0x0000000000001bc2                app_fifo_get
 *fill*         0x0000000000001bee        0x2 
 .text.app_uart_get
                0x0000000000001bf0       0x5c _build_2/nrf52832_xxaa/app_uart_fifo.c.o
                0x0000000000001bf0                app_uart_get
 .text.app_uart_put
                0x0000000000001c4c       0x60 _build_2/nrf52832_xxaa/app_uart_fifo.c.o
                0x0000000000001c4c                app_uart_put
 .text.NVIC_EnableIRQ
                0x0000000000001cac       0x34 _build_2/nrf52832_xxaa/app_timer.c.o
 .text.NVIC_DisableIRQ
                0x0000000000001ce0       0x34 _build_2/nrf52832_xxaa/app_timer.c.o
 .text.NVIC_SetPendingIRQ
                0x0000000000001d14       0x34 _build_2/nrf52832_xxaa/app_timer.c.o
 .text.NVIC_ClearPendingIRQ
                0x0000000000001d48       0x34 _build_2/nrf52832_xxaa/app_timer.c.o
 .text.NVIC_SetPriority
                0x0000000000001d7c       0x54 _build_2/nrf52832_xxaa/app_timer.c.o
 .text.nrf_delay_us
                0x0000000000001dd0       0xa8 _build_2/nrf52832_xxaa/app_timer.c.o
 .text.rtc1_init
                0x0000000000001e78       0x24 _build_2/nrf52832_xxaa/app_timer.c.o
 .text.rtc1_start
                0x0000000000001e9c       0x44 _build_2/nrf52832_xxaa/app_timer.c.o
 .text.rtc1_stop
                0x0000000000001ee0       0x54 _build_2/nrf52832_xxaa/app_timer.c.o
 .text.rtc1_counter_get
                0x0000000000001f34       0x18 _build_2/nrf52832_xxaa/app_timer.c.o
 .text.ticks_diff_get
                0x0000000000001f4c       0x20 _build_2/nrf52832_xxaa/app_timer.c.o
 .text.rtc1_compare0_set
                0x0000000000001f6c       0x20 _build_2/nrf52832_xxaa/app_timer.c.o
 .text.timer_list_insert
                0x0000000000001f8c       0xb4 _build_2/nrf52832_xxaa/app_timer.c.o
 .text.timer_list_remove
                0x0000000000002040       0xc0 _build_2/nrf52832_xxaa/app_timer.c.o
 .text.timer_timeouts_check_sched
                0x0000000000002100        0xe _build_2/nrf52832_xxaa/app_timer.c.o
 .text.timer_list_handler_sched
                0x000000000000210e        0xe _build_2/nrf52832_xxaa/app_timer.c.o
 .text.timeout_handler_exec
                0x000000000000211c       0x1c _build_2/nrf52832_xxaa/app_timer.c.o
 .text.timer_timeouts_check
                0x0000000000002138       0xc8 _build_2/nrf52832_xxaa/app_timer.c.o
 .text.elapsed_ticks_acquire
                0x0000000000002200       0x80 _build_2/nrf52832_xxaa/app_timer.c.o
 .text.expired_timers_handler
                0x0000000000002280       0x9c _build_2/nrf52832_xxaa/app_timer.c.o
 .text.list_insertions_handler
                0x000000000000231c      0x1b8 _build_2/nrf52832_xxaa/app_timer.c.o
 .text.compare_reg_update
                0x00000000000024d4       0xb4 _build_2/nrf52832_xxaa/app_timer.c.o
 .text.timer_list_handler
                0x0000000000002588       0x74 _build_2/nrf52832_xxaa/app_timer.c.o
 .text.user_op_enque
                0x00000000000025fc       0x20 _build_2/nrf52832_xxaa/app_timer.c.o
 .text.user_op_alloc
                0x000000000000261c       0x5c _build_2/nrf52832_xxaa/app_timer.c.o
 .text.timer_start_op_schedule
                0x0000000000002678       0x7a _build_2/nrf52832_xxaa/app_timer.c.o
 .text.timer_stop_op_schedule
                0x00000000000026f2       0x5c _build_2/nrf52832_xxaa/app_timer.c.o
 *fill*         0x000000000000274e        0x2 
 .text.RTC1_IRQHandler
                0x0000000000002750       0x40 _build_2/nrf52832_xxaa/app_timer.c.o
                0x0000000000002750                RTC1_IRQHandler
 .text.SWI0_EGU0_IRQHandler
                0x0000000000002790        0xc _build_2/nrf52832_xxaa/app_timer.c.o
                0x0000000000002790                SWI0_EGU0_IRQHandler
 .text.app_timer_init
                0x000000000000279c       0x6c _build_2/nrf52832_xxaa/app_timer.c.o
                0x000000000000279c                app_timer_init
 .text.app_timer_create
                0x0000000000002808       0x68 _build_2/nrf52832_xxaa/app_timer.c.o
                0x0000000000002808                app_timer_create
 .text.app_timer_start
                0x0000000000002870       0x68 _build_2/nrf52832_xxaa/app_timer.c.o
                0x0000000000002870                app_timer_start
 .text.app_timer_stop
                0x00000000000028d8       0x48 _build_2/nrf52832_xxaa/app_timer.c.o
                0x00000000000028d8                app_timer_stop
 .text.app_util_disable_irq
                0x0000000000002920       0x20 _build_2/nrf52832_xxaa/app_util_platform.c.o
                0x0000000000002920                app_util_disable_irq
 .text.app_util_enable_irq
                0x0000000000002940       0x28 _build_2/nrf52832_xxaa/app_util_platform.c.o
                0x0000000000002940                app_util_enable_irq
 .text.app_util_critical_region_enter
                0x0000000000002968       0x14 _build_2/nrf52832_xxaa/app_util_platform.c.o
                0x0000000000002968                app_util_critical_region_enter
 .text.app_util_critical_region_exit
                0x000000000000297c       0x16 _build_2/nrf52832_xxaa/app_util_platform.c.o
                0x000000000000297c                app_util_critical_region_exit
 .text.nrf_balloc_idx2block
                0x0000000000002992       0x28 _build_2/nrf52832_xxaa/nrf_balloc.c.o
 .text.nrf_balloc_block2idx
                0x00000000000029ba       0x28 _build_2/nrf52832_xxaa/nrf_balloc.c.o
 .text.nrf_balloc_init
                0x00000000000029e2       0x5a _build_2/nrf52832_xxaa/nrf_balloc.c.o
                0x00000000000029e2                nrf_balloc_init
 .text.nrf_balloc_alloc
                0x0000000000002a3c       0x6c _build_2/nrf52832_xxaa/nrf_balloc.c.o
                0x0000000000002a3c                nrf_balloc_alloc
 .text.nrf_balloc_free
                0x0000000000002aa8       0x38 _build_2/nrf52832_xxaa/nrf_balloc.c.o
                0x0000000000002aa8                nrf_balloc_free
 .text.nrf_fprintf_buffer_flush
                0x0000000000002ae0       0x32 _build_2/nrf52832_xxaa/nrf_fprintf.c.o
                0x0000000000002ae0                nrf_fprintf_buffer_flush
 .text.nrf_fprintf
                0x0000000000002b12       0x38 _build_2/nrf52832_xxaa/nrf_fprintf.c.o
                0x0000000000002b12                nrf_fprintf
 .text.buffer_add
                0x0000000000002b4a       0x3a _build_2/nrf52832_xxaa/nrf_fprintf_format.c.o
 .text.string_print
                0x0000000000002b84       0xb8 _build_2/nrf52832_xxaa/nrf_fprintf_format.c.o
 .text.unsigned_print
                0x0000000000002c3c      0x12c _build_2/nrf52832_xxaa/nrf_fprintf_format.c.o
 .text.int_print
                0x0000000000002d68      0x11e _build_2/nrf52832_xxaa/nrf_fprintf_format.c.o
 *fill*         0x0000000000002e86        0x2 
 .text.nrf_fprintf_fmt
                0x0000000000002e88      0x3ec _build_2/nrf52832_xxaa/nrf_fprintf_format.c.o
                0x0000000000002e88                nrf_fprintf_fmt
 .text.nrf_atomic_u32_add
                0x0000000000003274       0x32 _build_2/nrf52832_xxaa/nrf_memobj.c.o
 .text.nrf_atomic_u32_sub
                0x00000000000032a6       0x32 _build_2/nrf52832_xxaa/nrf_memobj.c.o
 .text.nrf_memobj_pool_init
                0x00000000000032d8       0x18 _build_2/nrf52832_xxaa/nrf_memobj.c.o
                0x00000000000032d8                nrf_memobj_pool_init
 .text.nrf_memobj_alloc
                0x00000000000032f0       0xac _build_2/nrf52832_xxaa/nrf_memobj.c.o
                0x00000000000032f0                nrf_memobj_alloc
 .text.nrf_memobj_free
                0x000000000000339c       0x6e _build_2/nrf52832_xxaa/nrf_memobj.c.o
                0x000000000000339c                nrf_memobj_free
 .text.nrf_memobj_get
                0x000000000000340a       0x20 _build_2/nrf52832_xxaa/nrf_memobj.c.o
                0x000000000000340a                nrf_memobj_get
 .text.nrf_memobj_put
                0x000000000000342a       0x38 _build_2/nrf52832_xxaa/nrf_memobj.c.o
                0x000000000000342a                nrf_memobj_put
 .text.memobj_op
                0x0000000000003462       0xe8 _build_2/nrf52832_xxaa/nrf_memobj.c.o
 .text.nrf_memobj_write
                0x000000000000354a       0x26 _build_2/nrf52832_xxaa/nrf_memobj.c.o
                0x000000000000354a                nrf_memobj_write
 .text.nrf_memobj_read
                0x0000000000003570       0x26 _build_2/nrf52832_xxaa/nrf_memobj.c.o
                0x0000000000003570                nrf_memobj_read
 .text._write   0x0000000000003596       0x38 _build_2/nrf52832_xxaa/retarget.c.o
                0x0000000000003596                _write
 .text._read    0x00000000000035ce       0x24 _build_2/nrf52832_xxaa/retarget.c.o
                0x00000000000035ce                _read
 *fill*         0x00000000000035f2        0x2 
 .text.NVIC_EnableIRQ
                0x00000000000035f4       0x34 _build_2/nrf52832_xxaa/nrf_drv_common.c.o
 .text.NVIC_ClearPendingIRQ
                0x0000000000003628       0x34 _build_2/nrf52832_xxaa/nrf_drv_common.c.o
 .text.NVIC_SetPriority
                0x000000000000365c       0x54 _build_2/nrf52832_xxaa/nrf_drv_common.c.o
 .text.nrf_drv_common_irq_enable
                0x00000000000036b0       0x3a _build_2/nrf52832_xxaa/nrf_drv_common.c.o
                0x00000000000036b0                nrf_drv_common_irq_enable
 .text.nrf_twim_task_trigger
                0x00000000000036ea       0x22 _build_2/nrf52832_xxaa/nrf_drv_twi.c.o
 .text.nrf_twim_event_clear
                0x000000000000370c       0x2e _build_2/nrf52832_xxaa/nrf_drv_twi.c.o
 .text.nrf_twim_event_check
                0x000000000000373a       0x2a _build_2/nrf52832_xxaa/nrf_drv_twi.c.o
 .text.nrf_twim_int_enable
                0x0000000000003764       0x1e _build_2/nrf52832_xxaa/nrf_drv_twi.c.o
 .text.nrf_twim_int_disable
                0x0000000000003782       0x1e _build_2/nrf52832_xxaa/nrf_drv_twi.c.o
 .text.nrf_twim_enable
                0x00000000000037a0       0x1c _build_2/nrf52832_xxaa/nrf_drv_twi.c.o
 .text.nrf_twim_pins_set
                0x00000000000037bc       0x28 _build_2/nrf52832_xxaa/nrf_drv_twi.c.o
 .text.nrf_twim_frequency_set
                0x00000000000037e4       0x1e _build_2/nrf52832_xxaa/nrf_drv_twi.c.o
 .text.nrf_twim_errorsrc_get_and_clear
                0x0000000000003802       0x26 _build_2/nrf52832_xxaa/nrf_drv_twi.c.o
 .text.nrf_twim_address_set
                0x0000000000003828       0x20 _build_2/nrf52832_xxaa/nrf_drv_twi.c.o
 .text.nrf_twim_tx_buffer_set
                0x0000000000003848       0x2a _build_2/nrf52832_xxaa/nrf_drv_twi.c.o
 .text.nrf_twim_rx_buffer_set
                0x0000000000003872       0x2a _build_2/nrf52832_xxaa/nrf_drv_twi.c.o
 .text.nrf_twim_shorts_set
                0x000000000000389c       0x1e _build_2/nrf52832_xxaa/nrf_drv_twi.c.o
 .text.nrf_twim_txd_amount_get
                0x00000000000038ba       0x1a _build_2/nrf52832_xxaa/nrf_drv_twi.c.o
 .text.nrf_twim_rxd_amount_get
                0x00000000000038d4       0x1a _build_2/nrf52832_xxaa/nrf_drv_twi.c.o
 .text.nrf_twim_tx_list_enable
                0x00000000000038ee       0x1c _build_2/nrf52832_xxaa/nrf_drv_twi.c.o
 .text.nrf_twim_tx_list_disable
                0x000000000000390a       0x1c _build_2/nrf52832_xxaa/nrf_drv_twi.c.o
 .text.nrf_twim_rx_list_enable
                0x0000000000003926       0x1c _build_2/nrf52832_xxaa/nrf_drv_twi.c.o
 .text.nrf_twim_rx_list_disable
                0x0000000000003942       0x1c _build_2/nrf52832_xxaa/nrf_drv_twi.c.o
 .text.nrf_drv_get_IRQn
                0x000000000000395e       0x1e _build_2/nrf52832_xxaa/nrf_drv_twi.c.o
 .text.nrf_drv_is_in_RAM
                0x000000000000397c       0x26 _build_2/nrf52832_xxaa/nrf_drv_twi.c.o
 .text.nrf_gpio_pin_port_decode
                0x00000000000039a2       0x18 _build_2/nrf52832_xxaa/nrf_drv_twi.c.o
 .text.nrf_gpio_pin_set
                0x00000000000039ba       0x2a _build_2/nrf52832_xxaa/nrf_drv_twi.c.o
 .text.nrf_gpio_pin_clear
                0x00000000000039e4       0x2a _build_2/nrf52832_xxaa/nrf_drv_twi.c.o
 .text.nrf_gpio_pin_read
                0x0000000000003a0e       0x2c _build_2/nrf52832_xxaa/nrf_drv_twi.c.o
 .text.nrf_gpio_port_in_read
                0x0000000000003a3a       0x1a _build_2/nrf52832_xxaa/nrf_drv_twi.c.o
 .text.nrf_gpio_port_out_set
                0x0000000000003a54       0x1e _build_2/nrf52832_xxaa/nrf_drv_twi.c.o
 .text.nrf_gpio_port_out_clear
                0x0000000000003a72       0x1e _build_2/nrf52832_xxaa/nrf_drv_twi.c.o
 .text.nrf_delay_us
                0x0000000000003a90       0xa8 _build_2/nrf52832_xxaa/nrf_drv_twi.c.o
 .text.twi_process_error
                0x0000000000003b38       0x3a _build_2/nrf52832_xxaa/nrf_drv_twi.c.o
 .text.twi_clear_bus
                0x0000000000003b72       0xe0 _build_2/nrf52832_xxaa/nrf_drv_twi.c.o
 *fill*         0x0000000000003c52        0x2 
 .text.nrf_drv_twi_init
                0x0000000000003c54       0xf4 _build_2/nrf52832_xxaa/nrf_drv_twi.c.o
                0x0000000000003c54                nrf_drv_twi_init
 .text.nrf_drv_twi_enable
                0x0000000000003d48       0x3c _build_2/nrf52832_xxaa/nrf_drv_twi.c.o
                0x0000000000003d48                nrf_drv_twi_enable
 .text.twim_list_enable_handle
                0x0000000000003d84       0x42 _build_2/nrf52832_xxaa/nrf_drv_twi.c.o
 *fill*         0x0000000000003dc6        0x2 
 .text.twim_xfer
                0x0000000000003dc8      0x32c _build_2/nrf52832_xxaa/nrf_drv_twi.c.o
 .text.nrf_drv_twi_xfer
                0x00000000000040f4       0x44 _build_2/nrf52832_xxaa/nrf_drv_twi.c.o
                0x00000000000040f4                nrf_drv_twi_xfer
 .text.nrf_drv_twi_tx
                0x0000000000004138       0x50 _build_2/nrf52832_xxaa/nrf_drv_twi.c.o
                0x0000000000004138                nrf_drv_twi_tx
 .text.nrf_drv_twi_rx
                0x0000000000004188       0x48 _build_2/nrf52832_xxaa/nrf_drv_twi.c.o
                0x0000000000004188                nrf_drv_twi_rx
 .text.irq_handler_twim
                0x00000000000041d0      0x202 _build_2/nrf52832_xxaa/nrf_drv_twi.c.o
 *fill*         0x00000000000043d2        0x2 
 .text.SPIM1_SPIS1_TWIM1_TWIS1_SPI1_TWI1_IRQHandler
                0x00000000000043d4       0x18 _build_2/nrf52832_xxaa/nrf_drv_twi.c.o
                0x00000000000043d4                SPIM1_SPIS1_TWIM1_TWIS1_SPI1_TWI1_IRQHandler
 .text.nrf_gpiote_event_is_set
                0x00000000000043ec       0x28 _build_2/nrf52832_xxaa/nrf_drv_gpiote.c.o
 .text.nrf_gpiote_event_clear
                0x0000000000004414       0x32 _build_2/nrf52832_xxaa/nrf_drv_gpiote.c.o
 .text.nrf_gpiote_event_addr_get
                0x0000000000004446       0x20 _build_2/nrf52832_xxaa/nrf_drv_gpiote.c.o
 *fill*         0x0000000000004466        0x2 
 .text.nrf_gpiote_int_enable
                0x0000000000004468       0x20 _build_2/nrf52832_xxaa/nrf_drv_gpiote.c.o
 .text.nrf_gpiote_int_disable
                0x0000000000004488       0x20 _build_2/nrf52832_xxaa/nrf_drv_gpiote.c.o
 .text.nrf_gpiote_int_is_enabled
                0x00000000000044a8       0x24 _build_2/nrf52832_xxaa/nrf_drv_gpiote.c.o
 .text.nrf_gpiote_event_enable
                0x00000000000044cc       0x34 _build_2/nrf52832_xxaa/nrf_drv_gpiote.c.o
 .text.nrf_gpiote_event_disable
                0x0000000000004500       0x34 _build_2/nrf52832_xxaa/nrf_drv_gpiote.c.o
 .text.nrf_gpiote_event_configure
                0x0000000000004534       0x6c _build_2/nrf52832_xxaa/nrf_drv_gpiote.c.o
 .text.nrf_gpiote_event_pin_get
                0x00000000000045a0       0x2c _build_2/nrf52832_xxaa/nrf_drv_gpiote.c.o
 .text.nrf_gpiote_event_polarity_get
                0x00000000000045cc       0x2c _build_2/nrf52832_xxaa/nrf_drv_gpiote.c.o
 .text.nrf_gpio_pin_port_decode
                0x00000000000045f8       0x18 _build_2/nrf52832_xxaa/nrf_drv_gpiote.c.o
 .text.nrf_gpio_cfg
                0x0000000000004610       0x52 _build_2/nrf52832_xxaa/nrf_drv_gpiote.c.o
 .text.nrf_gpio_cfg_input
                0x0000000000004662       0x2a _build_2/nrf52832_xxaa/nrf_drv_gpiote.c.o
 .text.nrf_gpio_cfg_watcher
                0x000000000000468c       0x3a _build_2/nrf52832_xxaa/nrf_drv_gpiote.c.o
 .text.nrf_gpio_cfg_sense_set
                0x00000000000046c6       0x58 _build_2/nrf52832_xxaa/nrf_drv_gpiote.c.o
 .text.nrf_gpio_pin_read
                0x000000000000471e       0x2c _build_2/nrf52832_xxaa/nrf_drv_gpiote.c.o
 .text.nrf_gpio_pin_sense_get
                0x000000000000474a       0x2e _build_2/nrf52832_xxaa/nrf_drv_gpiote.c.o
 .text.nrf_gpio_port_in_read
                0x0000000000004778       0x1a _build_2/nrf52832_xxaa/nrf_drv_gpiote.c.o
 .text.nrf_gpio_ports_read
                0x0000000000004792       0x52 _build_2/nrf52832_xxaa/nrf_drv_gpiote.c.o
 .text.nrf_bitmask_bit_is_set
                0x00000000000047e4       0x3a _build_2/nrf52832_xxaa/nrf_drv_gpiote.c.o
 .text.nrf_bitmask_bit_set
                0x000000000000481e       0x4a _build_2/nrf52832_xxaa/nrf_drv_gpiote.c.o
 .text.pin_in_use_by_te
                0x0000000000004868       0x44 _build_2/nrf52832_xxaa/nrf_drv_gpiote.c.o
 .text.pin_in_use_by_port
                0x00000000000048ac       0x30 _build_2/nrf52832_xxaa/nrf_drv_gpiote.c.o
 .text.pin_in_use_by_gpiote
                0x00000000000048dc       0x2c _build_2/nrf52832_xxaa/nrf_drv_gpiote.c.o
 .text.pin_in_use_by_te_set
                0x0000000000004908       0x58 _build_2/nrf52832_xxaa/nrf_drv_gpiote.c.o
 .text.pin_in_use_clear
                0x0000000000004960       0x24 _build_2/nrf52832_xxaa/nrf_drv_gpiote.c.o
 .text.channel_port_get
                0x0000000000004984       0x24 _build_2/nrf52832_xxaa/nrf_drv_gpiote.c.o
 .text.channel_handler_get
                0x00000000000049a8       0x20 _build_2/nrf52832_xxaa/nrf_drv_gpiote.c.o
 .text.channel_port_alloc
                0x00000000000049c8       0x74 _build_2/nrf52832_xxaa/nrf_drv_gpiote.c.o
 .text.channel_free
                0x0000000000004a3c       0x3c _build_2/nrf52832_xxaa/nrf_drv_gpiote.c.o
 .text.nrf_drv_gpiote_init
                0x0000000000004a78       0x80 _build_2/nrf52832_xxaa/nrf_drv_gpiote.c.o
                0x0000000000004a78                nrf_drv_gpiote_init
 .text.nrf_drv_gpiote_is_init
                0x0000000000004af8       0x24 _build_2/nrf52832_xxaa/nrf_drv_gpiote.c.o
                0x0000000000004af8                nrf_drv_gpiote_is_init
 .text.nrf_drv_gpiote_in_init
                0x0000000000004b1c       0xb4 _build_2/nrf52832_xxaa/nrf_drv_gpiote.c.o
                0x0000000000004b1c                nrf_drv_gpiote_in_init
 .text.nrf_drv_gpiote_in_event_enable
                0x0000000000004bd0       0xd0 _build_2/nrf52832_xxaa/nrf_drv_gpiote.c.o
                0x0000000000004bd0                nrf_drv_gpiote_in_event_enable
 .text.nrf_drv_gpiote_in_event_disable
                0x0000000000004ca0       0x52 _build_2/nrf52832_xxaa/nrf_drv_gpiote.c.o
                0x0000000000004ca0                nrf_drv_gpiote_in_event_disable
 .text.nrf_drv_gpiote_in_is_set
                0x0000000000004cf2       0x22 _build_2/nrf52832_xxaa/nrf_drv_gpiote.c.o
                0x0000000000004cf2                nrf_drv_gpiote_in_is_set
 .text.GPIOTE_IRQHandler
                0x0000000000004d14      0x2e8 _build_2/nrf52832_xxaa/nrf_drv_gpiote.c.o
                0x0000000000004d14                GPIOTE_IRQHandler
 .text.nrf_spi_event_clear
                0x0000000000004ffc       0x2e _build_2/nrf52832_xxaa/nrf_drv_spi.c.o
 .text.nrf_spi_event_check
                0x000000000000502a       0x2a _build_2/nrf52832_xxaa/nrf_drv_spi.c.o
 .text.nrf_spi_int_enable
                0x0000000000005054       0x1e _build_2/nrf52832_xxaa/nrf_drv_spi.c.o
 .text.nrf_spi_int_disable
                0x0000000000005072       0x1e _build_2/nrf52832_xxaa/nrf_drv_spi.c.o
 .text.nrf_spi_enable
                0x0000000000005090       0x1c _build_2/nrf52832_xxaa/nrf_drv_spi.c.o
 .text.nrf_spi_pins_set
                0x00000000000050ac       0x32 _build_2/nrf52832_xxaa/nrf_drv_spi.c.o
 .text.nrf_spi_txd_set
                0x00000000000050de       0x20 _build_2/nrf52832_xxaa/nrf_drv_spi.c.o
 .text.nrf_spi_rxd_get
                0x00000000000050fe       0x1c _build_2/nrf52832_xxaa/nrf_drv_spi.c.o
 .text.nrf_spi_frequency_set
                0x000000000000511a       0x1e _build_2/nrf52832_xxaa/nrf_drv_spi.c.o
 .text.nrf_spi_configure
                0x0000000000005138       0x60 _build_2/nrf52832_xxaa/nrf_drv_spi.c.o
 .text.nrf_gpio_pin_port_decode
                0x0000000000005198       0x18 _build_2/nrf52832_xxaa/nrf_drv_spi.c.o
 .text.nrf_gpio_cfg
                0x00000000000051b0       0x52 _build_2/nrf52832_xxaa/nrf_drv_spi.c.o
 .text.nrf_gpio_cfg_output
                0x0000000000005202       0x24 _build_2/nrf52832_xxaa/nrf_drv_spi.c.o
 .text.nrf_gpio_cfg_input
                0x0000000000005226       0x2a _build_2/nrf52832_xxaa/nrf_drv_spi.c.o
 .text.nrf_gpio_pin_set
                0x0000000000005250       0x2a _build_2/nrf52832_xxaa/nrf_drv_spi.c.o
 .text.nrf_gpio_pin_clear
                0x000000000000527a       0x2a _build_2/nrf52832_xxaa/nrf_drv_spi.c.o
 .text.nrf_gpio_port_out_set
                0x00000000000052a4       0x1e _build_2/nrf52832_xxaa/nrf_drv_spi.c.o
 .text.nrf_gpio_port_out_clear
                0x00000000000052c2       0x1e _build_2/nrf52832_xxaa/nrf_drv_spi.c.o
 .text.nrf_drv_spi_init
                0x00000000000052e0      0x188 _build_2/nrf52832_xxaa/nrf_drv_spi.c.o
                0x00000000000052e0                nrf_drv_spi_init
 .text.nrf_drv_spi_transfer
                0x0000000000005468       0x3a _build_2/nrf52832_xxaa/nrf_drv_spi.c.o
                0x0000000000005468                nrf_drv_spi_transfer
 .text.finish_transfer
                0x00000000000054a2       0x40 _build_2/nrf52832_xxaa/nrf_drv_spi.c.o
 .text.transfer_byte
                0x00000000000054e2       0xf6 _build_2/nrf52832_xxaa/nrf_drv_spi.c.o
 .text.spi_xfer
                0x00000000000055d8       0xcc _build_2/nrf52832_xxaa/nrf_drv_spi.c.o
 .text.nrf_drv_spi_xfer
                0x00000000000056a4       0xc8 _build_2/nrf52832_xxaa/nrf_drv_spi.c.o
                0x00000000000056a4                nrf_drv_spi_xfer
 .text.irq_handler_spi
                0x000000000000576c       0x36 _build_2/nrf52832_xxaa/nrf_drv_spi.c.o
 *fill*         0x00000000000057a2        0x2 
 .text.SPIM0_SPIS0_TWIM0_TWIS0_SPI0_TWI0_IRQHandler
                0x00000000000057a4       0x24 _build_2/nrf52832_xxaa/nrf_drv_spi.c.o
                0x00000000000057a4                SPIM0_SPIS0_TWIM0_TWIS0_SPI0_TWI0_IRQHandler
 .text.NVIC_DisableIRQ
                0x00000000000057c8       0x34 _build_2/nrf52832_xxaa/nrf_drv_uart.c.o
 .text.nrf_uart_event_clear
                0x00000000000057fc       0x2e _build_2/nrf52832_xxaa/nrf_drv_uart.c.o
 .text.nrf_uart_event_check
                0x000000000000582a       0x2a _build_2/nrf52832_xxaa/nrf_drv_uart.c.o
 .text.nrf_uart_int_enable
                0x0000000000005854       0x1e _build_2/nrf52832_xxaa/nrf_drv_uart.c.o
 .text.nrf_uart_int_enable_check
                0x0000000000005872       0x2a _build_2/nrf52832_xxaa/nrf_drv_uart.c.o
 .text.nrf_uart_int_disable
                0x000000000000589c       0x1e _build_2/nrf52832_xxaa/nrf_drv_uart.c.o
 .text.nrf_uart_errorsrc_get_and_clear
                0x00000000000058ba       0x26 _build_2/nrf52832_xxaa/nrf_drv_uart.c.o
 .text.nrf_uart_enable
                0x00000000000058e0       0x1c _build_2/nrf52832_xxaa/nrf_drv_uart.c.o
 .text.nrf_uart_disable
                0x00000000000058fc       0x1c _build_2/nrf52832_xxaa/nrf_drv_uart.c.o
 .text.nrf_uart_txrx_pins_set
                0x0000000000005918       0x28 _build_2/nrf52832_xxaa/nrf_drv_uart.c.o
 .text.nrf_uart_txrx_pins_disconnect
                0x0000000000005940       0x1e _build_2/nrf52832_xxaa/nrf_drv_uart.c.o
 .text.nrf_uart_tx_pin_get
                0x000000000000595e       0x1a _build_2/nrf52832_xxaa/nrf_drv_uart.c.o
 .text.nrf_uart_rx_pin_get
                0x0000000000005978       0x1a _build_2/nrf52832_xxaa/nrf_drv_uart.c.o
 .text.nrf_uart_rts_pin_get
                0x0000000000005992       0x1a _build_2/nrf52832_xxaa/nrf_drv_uart.c.o
 .text.nrf_uart_cts_pin_get
                0x00000000000059ac       0x1a _build_2/nrf52832_xxaa/nrf_drv_uart.c.o
 .text.nrf_uart_hwfc_pins_set
                0x00000000000059c6       0x28 _build_2/nrf52832_xxaa/nrf_drv_uart.c.o
 .text.nrf_uart_hwfc_pins_disconnect
                0x00000000000059ee       0x1e _build_2/nrf52832_xxaa/nrf_drv_uart.c.o
 .text.nrf_uart_rxd_get
                0x0000000000005a0c       0x1c _build_2/nrf52832_xxaa/nrf_drv_uart.c.o
 .text.nrf_uart_txd_set
                0x0000000000005a28       0x20 _build_2/nrf52832_xxaa/nrf_drv_uart.c.o
 .text.nrf_uart_task_trigger
                0x0000000000005a48       0x22 _build_2/nrf52832_xxaa/nrf_drv_uart.c.o
 .text.nrf_uart_configure
                0x0000000000005a6a       0x2c _build_2/nrf52832_xxaa/nrf_drv_uart.c.o
 .text.nrf_uart_baudrate_set
                0x0000000000005a96       0x1e _build_2/nrf52832_xxaa/nrf_drv_uart.c.o
 .text.nrf_uarte_event_clear
                0x0000000000005ab4       0x2e _build_2/nrf52832_xxaa/nrf_drv_uart.c.o
 .text.nrf_uarte_event_check
                0x0000000000005ae2       0x2a _build_2/nrf52832_xxaa/nrf_drv_uart.c.o
 .text.nrf_uarte_shorts_enable
                0x0000000000005b0c       0x26 _build_2/nrf52832_xxaa/nrf_drv_uart.c.o
 .text.nrf_uarte_shorts_disable
                0x0000000000005b32       0x28 _build_2/nrf52832_xxaa/nrf_drv_uart.c.o
 .text.nrf_uarte_int_enable
                0x0000000000005b5a       0x1e _build_2/nrf52832_xxaa/nrf_drv_uart.c.o
 .text.nrf_uarte_int_disable
                0x0000000000005b78       0x1e _build_2/nrf52832_xxaa/nrf_drv_uart.c.o
 .text.nrf_uarte_errorsrc_get_and_clear
                0x0000000000005b96       0x26 _build_2/nrf52832_xxaa/nrf_drv_uart.c.o
 .text.nrf_uarte_enable
                0x0000000000005bbc       0x1c _build_2/nrf52832_xxaa/nrf_drv_uart.c.o
 .text.nrf_uarte_disable
                0x0000000000005bd8       0x1c _build_2/nrf52832_xxaa/nrf_drv_uart.c.o
 .text.nrf_uarte_txrx_pins_set
                0x0000000000005bf4       0x28 _build_2/nrf52832_xxaa/nrf_drv_uart.c.o
 .text.nrf_uarte_txrx_pins_disconnect
                0x0000000000005c1c       0x1e _build_2/nrf52832_xxaa/nrf_drv_uart.c.o
 .text.nrf_uarte_tx_pin_get
                0x0000000000005c3a       0x1a _build_2/nrf52832_xxaa/nrf_drv_uart.c.o
 .text.nrf_uarte_rx_pin_get
                0x0000000000005c54       0x1a _build_2/nrf52832_xxaa/nrf_drv_uart.c.o
 .text.nrf_uarte_rts_pin_get
                0x0000000000005c6e       0x1a _build_2/nrf52832_xxaa/nrf_drv_uart.c.o
 .text.nrf_uarte_cts_pin_get
                0x0000000000005c88       0x1a _build_2/nrf52832_xxaa/nrf_drv_uart.c.o
 .text.nrf_uarte_hwfc_pins_set
                0x0000000000005ca2       0x28 _build_2/nrf52832_xxaa/nrf_drv_uart.c.o
 .text.nrf_uarte_hwfc_pins_disconnect
                0x0000000000005cca       0x1e _build_2/nrf52832_xxaa/nrf_drv_uart.c.o
 .text.nrf_uarte_task_trigger
                0x0000000000005ce8       0x22 _build_2/nrf52832_xxaa/nrf_drv_uart.c.o
 .text.nrf_uarte_configure
                0x0000000000005d0a       0x2c _build_2/nrf52832_xxaa/nrf_drv_uart.c.o
 .text.nrf_uarte_baudrate_set
                0x0000000000005d36       0x1e _build_2/nrf52832_xxaa/nrf_drv_uart.c.o
 .text.nrf_uarte_tx_buffer_set
                0x0000000000005d54       0x2a _build_2/nrf52832_xxaa/nrf_drv_uart.c.o
 .text.nrf_uarte_tx_amount_get
                0x0000000000005d7e       0x1a _build_2/nrf52832_xxaa/nrf_drv_uart.c.o
 .text.nrf_uarte_rx_buffer_set
                0x0000000000005d98       0x2a _build_2/nrf52832_xxaa/nrf_drv_uart.c.o
 .text.nrf_uarte_rx_amount_get
                0x0000000000005dc2       0x1a _build_2/nrf52832_xxaa/nrf_drv_uart.c.o
 .text.nrf_drv_common_irq_disable
                0x0000000000005ddc       0x1c _build_2/nrf52832_xxaa/nrf_drv_uart.c.o
 .text.nrf_drv_get_IRQn
                0x0000000000005df8       0x1e _build_2/nrf52832_xxaa/nrf_drv_uart.c.o
 .text.nrf_drv_is_in_RAM
                0x0000000000005e16       0x26 _build_2/nrf52832_xxaa/nrf_drv_uart.c.o
 .text.nrf_gpio_pin_port_decode
                0x0000000000005e3c       0x18 _build_2/nrf52832_xxaa/nrf_drv_uart.c.o
 .text.nrf_gpio_cfg
                0x0000000000005e54       0x52 _build_2/nrf52832_xxaa/nrf_drv_uart.c.o
 .text.nrf_gpio_cfg_output
                0x0000000000005ea6       0x24 _build_2/nrf52832_xxaa/nrf_drv_uart.c.o
 .text.nrf_gpio_cfg_input
                0x0000000000005eca       0x2a _build_2/nrf52832_xxaa/nrf_drv_uart.c.o
 .text.nrf_gpio_cfg_default
                0x0000000000005ef4       0x24 _build_2/nrf52832_xxaa/nrf_drv_uart.c.o
 .text.nrf_gpio_pin_set
                0x0000000000005f18       0x2a _build_2/nrf52832_xxaa/nrf_drv_uart.c.o
 .text.nrf_gpio_port_out_set
                0x0000000000005f42       0x1e _build_2/nrf52832_xxaa/nrf_drv_uart.c.o
 .text.apply_config
                0x0000000000005f60      0x164 _build_2/nrf52832_xxaa/nrf_drv_uart.c.o
 .text.interrupts_enable
                0x00000000000060c4       0xd0 _build_2/nrf52832_xxaa/nrf_drv_uart.c.o
 .text.interrupts_disable
                0x0000000000006194       0x6c _build_2/nrf52832_xxaa/nrf_drv_uart.c.o
 .text.pins_to_default
                0x0000000000006200       0xe8 _build_2/nrf52832_xxaa/nrf_drv_uart.c.o
 .text.uart_enable
                0x00000000000062e8       0x3c _build_2/nrf52832_xxaa/nrf_drv_uart.c.o
 .text.uart_disable
                0x0000000000006324       0x3c _build_2/nrf52832_xxaa/nrf_drv_uart.c.o
 .text.nrf_drv_uart_init
                0x0000000000006360       0x90 _build_2/nrf52832_xxaa/nrf_drv_uart.c.o
                0x0000000000006360                nrf_drv_uart_init
 .text.nrf_drv_uart_uninit
                0x00000000000063f0       0x48 _build_2/nrf52832_xxaa/nrf_drv_uart.c.o
                0x00000000000063f0                nrf_drv_uart_uninit
 .text.tx_byte  0x0000000000006438       0x44 _build_2/nrf52832_xxaa/nrf_drv_uart.c.o
 .text.nrf_drv_uart_tx_for_uart
                0x000000000000647c       0xe8 _build_2/nrf52832_xxaa/nrf_drv_uart.c.o
 .text.nrf_drv_uart_tx_for_uarte
                0x0000000000006564       0xb4 _build_2/nrf52832_xxaa/nrf_drv_uart.c.o
 .text.nrf_drv_uart_tx
                0x0000000000006618       0x9c _build_2/nrf52832_xxaa/nrf_drv_uart.c.o
                0x0000000000006618                nrf_drv_uart_tx
 .text.nrf_drv_uart_tx_in_progress
                0x00000000000066b4       0x30 _build_2/nrf52832_xxaa/nrf_drv_uart.c.o
                0x00000000000066b4                nrf_drv_uart_tx_in_progress
 .text.rx_enable
                0x00000000000066e4       0x38 _build_2/nrf52832_xxaa/nrf_drv_uart.c.o
 .text.rx_byte  0x000000000000671c       0x58 _build_2/nrf52832_xxaa/nrf_drv_uart.c.o
 .text.nrf_drv_uart_rx_for_uart
                0x0000000000006774      0x140 _build_2/nrf52832_xxaa/nrf_drv_uart.c.o
 .text.nrf_drv_uart_rx_for_uarte
                0x00000000000068b4      0x118 _build_2/nrf52832_xxaa/nrf_drv_uart.c.o
 .text.nrf_drv_uart_rx
                0x00000000000069cc      0x144 _build_2/nrf52832_xxaa/nrf_drv_uart.c.o
                0x00000000000069cc                nrf_drv_uart_rx
 .text.rx_done_event
                0x0000000000006b10       0x32 _build_2/nrf52832_xxaa/nrf_drv_uart.c.o
 .text.tx_done_event
                0x0000000000006b42       0x38 _build_2/nrf52832_xxaa/nrf_drv_uart.c.o
 .text.uart_irq_handler
                0x0000000000006b7a      0x1d0 _build_2/nrf52832_xxaa/nrf_drv_uart.c.o
 .text.uarte_irq_handler
                0x0000000000006d4a      0x158 _build_2/nrf52832_xxaa/nrf_drv_uart.c.o
 *fill*         0x0000000000006ea2        0x2 
 .text.UARTE0_UART0_IRQHandler
                0x0000000000006ea4       0x2c _build_2/nrf52832_xxaa/nrf_drv_uart.c.o
                0x0000000000006ea4                UARTE0_UART0_IRQHandler
 .text.nrf_clock_int_disable
                0x0000000000006ed0       0x1e _build_2/nrf52832_xxaa/nrf_drv_clock.c.o
 .text.nrf_clock_event_clear
                0x0000000000006eee       0x2c _build_2/nrf52832_xxaa/nrf_drv_clock.c.o
 .text.nrf_clock_event_check
                0x0000000000006f1a       0x28 _build_2/nrf52832_xxaa/nrf_drv_clock.c.o
 .text.item_dequeue
                0x0000000000006f42       0x2a _build_2/nrf52832_xxaa/nrf_drv_clock.c.o
 .text.clock_clk_started_notify
                0x0000000000006f6c       0x48 _build_2/nrf52832_xxaa/nrf_drv_clock.c.o
 .text.POWER_CLOCK_IRQHandler
                0x0000000000006fb4       0x5c _build_2/nrf52832_xxaa/nrf_drv_clock.c.o
                0x0000000000006fb4                POWER_CLOCK_IRQHandler
 .text.bsp_button_event_handler
                0x0000000000007010      0x118 _build_2/nrf52832_xxaa/bsp.c.o
 .text.button_timer_handler
                0x0000000000007128       0x1c _build_2/nrf52832_xxaa/bsp.c.o
 .text.leds_off
                0x0000000000007144       0x40 _build_2/nrf52832_xxaa/bsp.c.o
 .text.bsp_led_indication
                0x0000000000007184      0x458 _build_2/nrf52832_xxaa/bsp.c.o
 .text.leds_timer_handler
                0x00000000000075dc       0x30 _build_2/nrf52832_xxaa/bsp.c.o
 .text.alert_timer_handler
                0x000000000000760c       0x16 _build_2/nrf52832_xxaa/bsp.c.o
 *fill*         0x0000000000007622        0x2 
 .text.bsp_init
                0x0000000000007624       0xdc _build_2/nrf52832_xxaa/bsp.c.o
                0x0000000000007624                bsp_init
 .text.bsp_event_to_button_action_assign
                0x0000000000007700       0x9c _build_2/nrf52832_xxaa/bsp.c.o
                0x0000000000007700                bsp_event_to_button_action_assign
 .text.bsp_buttons_enable
                0x000000000000779c        0xe _build_2/nrf52832_xxaa/bsp.c.o
                0x000000000000779c                bsp_buttons_enable
 *fill*         0x00000000000077aa        0x2 
 .text.nrf_delay_us
                0x00000000000077ac       0xa8 _build_2/nrf52832_xxaa/main.c.o
 .text.nrf_delay_ms
                0x0000000000007854       0x20 _build_2/nrf52832_xxaa/main.c.o
 .text.main     0x0000000000007874       0x54 _build_2/nrf52832_xxaa/main.c.o
                0x0000000000007874                main
 .text.nrf_delay_us
                0x00000000000078c8       0xa8 _build_2/nrf52832_xxaa/Func.c.o
 .text.nrf_delay_ms
                0x0000000000007970       0x20 _build_2/nrf52832_xxaa/Func.c.o
 .text.bsp_event_callback
                0x0000000000007990       0x2c _build_2/nrf52832_xxaa/Func.c.o
                0x0000000000007990                bsp_event_callback
 .text.bsp_configuration
                0x00000000000079bc       0x2c _build_2/nrf52832_xxaa/Func.c.o
                0x00000000000079bc                bsp_configuration
 .text.clock_initialization
                0x00000000000079e8       0x38 _build_2/nrf52832_xxaa/Func.c.o
                0x00000000000079e8                clock_initialization
 .text.log_configuration
                0x0000000000007a20       0x26 _build_2/nrf52832_xxaa/Func.c.o
                0x0000000000007a20                log_configuration
 .text.button_configuration
                0x0000000000007a46       0x42 _build_2/nrf52832_xxaa/Func.c.o
                0x0000000000007a46                button_configuration
 .text.close_socket
                0x0000000000007a88       0x2a _build_2/nrf52832_xxaa/Func.c.o
 *fill*         0x0000000000007ab2        0x2 
 .text.socket_cb_tcp_client_socket
                0x0000000000007ab4       0x60 _build_2/nrf52832_xxaa/Func.c.o
 .text.socket_cb
                0x0000000000007b14       0x22 _build_2/nrf52832_xxaa/Func.c.o
 *fill*         0x0000000000007b36        0x2 
 .text.wifi_cb  0x0000000000007b38       0xac _build_2/nrf52832_xxaa/Func.c.o
 .text.wifi_configuration
                0x0000000000007be4       0x9c _build_2/nrf52832_xxaa/Func.c.o
                0x0000000000007be4                wifi_configuration
 .text.OpenAndConnectTcpClientSocket
                0x0000000000007c80       0x94 _build_2/nrf52832_xxaa/Func.c.o
                0x0000000000007c80                OpenAndConnectTcpClientSocket
 .text.send_temperature
                0x0000000000007d14       0x54 _build_2/nrf52832_xxaa/Func.c.o
                0x0000000000007d14                send_temperature
 .text.nrf_delay_us
                0x0000000000007d68       0xa8 _build_2/nrf52832_xxaa/bme280.c.o
 .text.nrf_delay_ms
                0x0000000000007e10       0x20 _build_2/nrf52832_xxaa/bme280.c.o
 .text.bme280_init
                0x0000000000007e30       0x96 _build_2/nrf52832_xxaa/bme280.c.o
                0x0000000000007e30                bme280_init
 .text.bme280_get_regs
                0x0000000000007ec6       0x60 _build_2/nrf52832_xxaa/bme280.c.o
                0x0000000000007ec6                bme280_get_regs
 .text.bme280_set_regs
                0x0000000000007f26       0xee _build_2/nrf52832_xxaa/bme280.c.o
                0x0000000000007f26                bme280_set_regs
 .text.bme280_set_sensor_settings
                0x0000000000008014       0xaa _build_2/nrf52832_xxaa/bme280.c.o
                0x0000000000008014                bme280_set_sensor_settings
 .text.bme280_set_sensor_mode
                0x00000000000080be       0x68 _build_2/nrf52832_xxaa/bme280.c.o
                0x00000000000080be                bme280_set_sensor_mode
 .text.bme280_get_sensor_mode
                0x0000000000008126       0x46 _build_2/nrf52832_xxaa/bme280.c.o
                0x0000000000008126                bme280_get_sensor_mode
 .text.bme280_soft_reset
                0x000000000000816c       0x4a _build_2/nrf52832_xxaa/bme280.c.o
                0x000000000000816c                bme280_soft_reset
 .text.bme280_get_sensor_data
                0x00000000000081b6       0x94 _build_2/nrf52832_xxaa/bme280.c.o
                0x00000000000081b6                bme280_get_sensor_data
 .text.set_osr_settings
                0x000000000000824a       0x4e _build_2/nrf52832_xxaa/bme280.c.o
 .text.set_osr_humidity_settings
                0x0000000000008298       0x74 _build_2/nrf52832_xxaa/bme280.c.o
 .text.set_osr_press_temp_settings
                0x000000000000830c       0x78 _build_2/nrf52832_xxaa/bme280.c.o
 .text.set_filter_standby_settings
                0x0000000000008384       0x78 _build_2/nrf52832_xxaa/bme280.c.o
 .text.fill_filter_settings
                0x00000000000083fc       0x3a _build_2/nrf52832_xxaa/bme280.c.o
 .text.fill_standby_settings
                0x0000000000008436       0x34 _build_2/nrf52832_xxaa/bme280.c.o
 .text.fill_osr_press_settings
                0x000000000000846a       0x3a _build_2/nrf52832_xxaa/bme280.c.o
 .text.fill_osr_temp_settings
                0x00000000000084a4       0x34 _build_2/nrf52832_xxaa/bme280.c.o
 .text.parse_device_settings
                0x00000000000084d8       0x68 _build_2/nrf52832_xxaa/bme280.c.o
 .text.write_power_mode
                0x0000000000008540       0x66 _build_2/nrf52832_xxaa/bme280.c.o
 .text.put_device_to_sleep
                0x00000000000085a6       0x60 _build_2/nrf52832_xxaa/bme280.c.o
 .text.reload_device_settings
                0x0000000000008606       0x3a _build_2/nrf52832_xxaa/bme280.c.o
 .text.parse_sensor_data
                0x0000000000008640       0x8c _build_2/nrf52832_xxaa/bme280.c.o
                0x0000000000008640                parse_sensor_data
 .text.compensate_data
                0x00000000000086cc       0x92 _build_2/nrf52832_xxaa/bme280.c.o
 *fill*         0x000000000000875e        0x2 
 .text.compensate_temperature
                0x0000000000008760       0xc4 _build_2/nrf52832_xxaa/bme280.c.o
 .text.compensate_pressure
                0x0000000000008824      0x4e0 _build_2/nrf52832_xxaa/bme280.c.o
 .text.compensate_humidity
                0x0000000000008d04      0x15c _build_2/nrf52832_xxaa/bme280.c.o
 .text.get_calib_data
                0x0000000000008e60       0x88 _build_2/nrf52832_xxaa/bme280.c.o
 .text.interleave_reg_addr
                0x0000000000008ee8       0x56 _build_2/nrf52832_xxaa/bme280.c.o
 .text.parse_temp_press_calib_data
                0x0000000000008f3e      0x15e _build_2/nrf52832_xxaa/bme280.c.o
 .text.parse_humidity_calib_data
                0x000000000000909c       0x9c _build_2/nrf52832_xxaa/bme280.c.o
 .text.are_settings_changed
                0x0000000000009138       0x38 _build_2/nrf52832_xxaa/bme280.c.o
 .text.null_ptr_check
                0x0000000000009170       0x40 _build_2/nrf52832_xxaa/bme280.c.o
 .text.user_delay_ms
                0x00000000000091b0       0x16 _build_2/nrf52832_xxaa/bme280.c.o
                0x00000000000091b0                user_delay_ms
 *fill*         0x00000000000091c6        0x2 
 .text.my_i2c_rx
                0x00000000000091c8       0x5c _build_2/nrf52832_xxaa/bme280.c.o
                0x00000000000091c8                my_i2c_rx
 .text.my_i2c_tx
                0x0000000000009224       0x6c _build_2/nrf52832_xxaa/bme280.c.o
                0x0000000000009224                my_i2c_tx
 .text.user_i2c_read
                0x0000000000009290       0x4a _build_2/nrf52832_xxaa/bme280.c.o
                0x0000000000009290                user_i2c_read
 .text.user_i2c_write
                0x00000000000092da       0x62 _build_2/nrf52832_xxaa/bme280.c.o
                0x00000000000092da                user_i2c_write
 .text.stream_sensor_data_normal_mode
                0x000000000000933c       0x78 _build_2/nrf52832_xxaa/bme280.c.o
                0x000000000000933c                stream_sensor_data_normal_mode
 .text.bme_handler
                0x00000000000093b4       0x2c _build_2/nrf52832_xxaa/bme280.c.o
                0x00000000000093b4                bme_handler
 .text.twi_init
                0x00000000000093e0       0x58 _build_2/nrf52832_xxaa/bme280.c.o
                0x00000000000093e0                twi_init
 .text.bme_start
                0x0000000000009438       0x64 _build_2/nrf52832_xxaa/bme280.c.o
                0x0000000000009438                bme_start
 .text.bme280_get_temperature
                0x000000000000949c       0x2c _build_2/nrf52832_xxaa/bme280.c.o
                0x000000000000949c                bme280_get_temperature
 .text._DoInit  0x00000000000094c8       0x9c _build_2/nrf52832_xxaa/SEGGER_RTT.c.o
 .text._WriteBlocking
                0x0000000000009564       0xb4 _build_2/nrf52832_xxaa/SEGGER_RTT.c.o
 .text._WriteNoCheck
                0x0000000000009618       0x80 _build_2/nrf52832_xxaa/SEGGER_RTT.c.o
 .text._GetAvailWriteSpace
                0x0000000000009698       0x46 _build_2/nrf52832_xxaa/SEGGER_RTT.c.o
 *fill*         0x00000000000096de        0x2 
 .text.SEGGER_RTT_WriteNoLock
                0x00000000000096e0       0x9c _build_2/nrf52832_xxaa/SEGGER_RTT.c.o
                0x00000000000096e0                SEGGER_RTT_WriteNoLock
 .text.SEGGER_RTT_Init
                0x000000000000977c        0xc _build_2/nrf52832_xxaa/SEGGER_RTT.c.o
                0x000000000000977c                SEGGER_RTT_Init
 .text          0x0000000000009788       0x3c _build_2/nrf52832_xxaa/gcc_startup_nrf52.S.o
                0x0000000000009788                Reset_Handler
                0x00000000000097b0                NMI_Handler
                0x00000000000097b2                HardFault_Handler
                0x00000000000097b4                MemoryManagement_Handler
                0x00000000000097b6                BusFault_Handler
                0x00000000000097b8                UsageFault_Handler
                0x00000000000097ba                SVC_Handler
                0x00000000000097bc                DebugMon_Handler
                0x00000000000097be                PendSV_Handler
                0x00000000000097c0                SysTick_Handler
                0x00000000000097c2                TIMER4_IRQHandler
                0x00000000000097c2                I2S_IRQHandler
                0x00000000000097c2                SWI4_EGU4_IRQHandler
                0x00000000000097c2                TIMER0_IRQHandler
                0x00000000000097c2                TIMER1_IRQHandler
                0x00000000000097c2                PWM2_IRQHandler
                0x00000000000097c2                ECB_IRQHandler
                0x00000000000097c2                Default_Handler
                0x00000000000097c2                SAADC_IRQHandler
                0x00000000000097c2                CCM_AAR_IRQHandler
                0x00000000000097c2                WDT_IRQHandler
                0x00000000000097c2                SWI5_EGU5_IRQHandler
                0x00000000000097c2                RNG_IRQHandler
                0x00000000000097c2                RTC2_IRQHandler
                0x00000000000097c2                PWM0_IRQHandler
                0x00000000000097c2                SWI3_EGU3_IRQHandler
                0x00000000000097c2                SWI1_EGU1_IRQHandler
                0x00000000000097c2                SPIM2_SPIS2_SPI2_IRQHandler
                0x00000000000097c2                NFCT_IRQHandler
                0x00000000000097c2                MWU_IRQHandler
                0x00000000000097c2                TIMER2_IRQHandler
                0x00000000000097c2                COMP_LPCOMP_IRQHandler
                0x00000000000097c2                RTC0_IRQHandler
                0x00000000000097c2                SWI2_EGU2_IRQHandler
                0x00000000000097c2                PWM1_IRQHandler
                0x00000000000097c2                RADIO_IRQHandler
                0x00000000000097c2                PDM_IRQHandler
                0x00000000000097c2                TEMP_IRQHandler
                0x00000000000097c2                QDEC_IRQHandler
                0x00000000000097c2                TIMER3_IRQHandler
                0x00000000000097c2                FPU_IRQHandler
 .text.NVIC_SystemReset
                0x00000000000097c4       0x28 _build_2/nrf52832_xxaa/system_nrf52.c.o
 .text.SystemCoreClockUpdate
                0x00000000000097ec       0x1c _build_2/nrf52832_xxaa/system_nrf52.c.o
                0x00000000000097ec                SystemCoreClockUpdate
 .text.SystemInit
                0x0000000000009808      0x2bc _build_2/nrf52832_xxaa/system_nrf52.c.o
                0x0000000000009808                SystemInit
 .text.errata_12
                0x0000000000009ac4       0x64 _build_2/nrf52832_xxaa/system_nrf52.c.o
 .text.errata_16
                0x0000000000009b28       0x44 _build_2/nrf52832_xxaa/system_nrf52.c.o
 .text.errata_31
                0x0000000000009b6c       0x64 _build_2/nrf52832_xxaa/system_nrf52.c.o
 .text.errata_32
                0x0000000000009bd0       0x44 _build_2/nrf52832_xxaa/system_nrf52.c.o
 .text.errata_36
                0x0000000000009c14       0x64 _build_2/nrf52832_xxaa/system_nrf52.c.o
 .text.errata_37
                0x0000000000009c78       0x44 _build_2/nrf52832_xxaa/system_nrf52.c.o
 .text.errata_57
                0x0000000000009cbc       0x44 _build_2/nrf52832_xxaa/system_nrf52.c.o
 .text.errata_66
                0x0000000000009d00       0x44 _build_2/nrf52832_xxaa/system_nrf52.c.o
 .text.errata_108
                0x0000000000009d44       0x64 _build_2/nrf52832_xxaa/system_nrf52.c.o
 .text.errata_136
                0x0000000000009da8       0x64 _build_2/nrf52832_xxaa/system_nrf52.c.o
 .text.m2m_wifi_cb
                0x0000000000009e0c      0x384 _build_2/nrf52832_xxaa/m2m_wifi.c.o
 .text.m2m_wifi_init
                0x000000000000a190      0x180 _build_2/nrf52832_xxaa/m2m_wifi.c.o
                0x000000000000a190                m2m_wifi_init
 .text.m2m_wifi_handle_events
                0x000000000000a310       0x16 _build_2/nrf52832_xxaa/m2m_wifi.c.o
                0x000000000000a310                m2m_wifi_handle_events
 .text.m2m_wifi_connect
                0x000000000000a326       0x30 _build_2/nrf52832_xxaa/m2m_wifi.c.o
                0x000000000000a326                m2m_wifi_connect
 *fill*         0x000000000000a356        0x2 
 .text.m2m_wifi_connect_sc
                0x000000000000a358      0x35c _build_2/nrf52832_xxaa/m2m_wifi.c.o
                0x000000000000a358                m2m_wifi_connect_sc
 .text.m2m_wifi_request_dhcp_client
                0x000000000000a6b4       0x10 _build_2/nrf52832_xxaa/m2m_wifi.c.o
                0x000000000000a6b4                m2m_wifi_request_dhcp_client
 .text.isr      0x000000000000a6c4       0x20 _build_2/nrf52832_xxaa/m2m_hif.c.o
 .text.hif_set_rx_done
                0x000000000000a6e4       0x60 _build_2/nrf52832_xxaa/m2m_hif.c.o
 .text.m2m_hif_cb
                0x000000000000a744       0x1c _build_2/nrf52832_xxaa/m2m_hif.c.o
 .text.hif_chip_wake
                0x000000000000a760       0x60 _build_2/nrf52832_xxaa/m2m_hif.c.o
                0x000000000000a760                hif_chip_wake
 .text.hif_chip_sleep_sc
                0x000000000000a7c0       0x2c _build_2/nrf52832_xxaa/m2m_hif.c.o
                0x000000000000a7c0                hif_chip_sleep_sc
 .text.hif_chip_sleep
                0x000000000000a7ec       0x54 _build_2/nrf52832_xxaa/m2m_hif.c.o
                0x000000000000a7ec                hif_chip_sleep
 .text.hif_init
                0x000000000000a840       0x38 _build_2/nrf52832_xxaa/m2m_hif.c.o
                0x000000000000a840                hif_init
 .text.hif_send
                0x000000000000a878      0x288 _build_2/nrf52832_xxaa/m2m_hif.c.o
                0x000000000000a878                hif_send
 .text.hif_isr  0x000000000000ab00      0x3d8 _build_2/nrf52832_xxaa/m2m_hif.c.o
 .text.hif_handle_isr
                0x000000000000aed8       0x88 _build_2/nrf52832_xxaa/m2m_hif.c.o
                0x000000000000aed8                hif_handle_isr
 .text.hif_receive
                0x000000000000af60      0x12c _build_2/nrf52832_xxaa/m2m_hif.c.o
                0x000000000000af60                hif_receive
 .text.hif_register_cb
                0x000000000000b08c       0xb8 _build_2/nrf52832_xxaa/m2m_hif.c.o
                0x000000000000b08c                hif_register_cb
 .text.m2m_memcpy
                0x000000000000b144       0x40 _build_2/nrf52832_xxaa/nm_common.c.o
                0x000000000000b144                m2m_memcpy
 .text.m2m_memset
                0x000000000000b184       0x3a _build_2/nrf52832_xxaa/nm_common.c.o
                0x000000000000b184                m2m_memset
 .text.m2m_strlen
                0x000000000000b1be       0x30 _build_2/nrf52832_xxaa/nm_common.c.o
                0x000000000000b1be                m2m_strlen
 .text.nrf_gpio_pin_port_decode
                0x000000000000b1ee       0x18 _build_2/nrf52832_xxaa/nm_bsp_nrf52832.c.o
 .text.nrf_gpio_cfg
                0x000000000000b206       0x52 _build_2/nrf52832_xxaa/nm_bsp_nrf52832.c.o
 .text.nrf_gpio_cfg_output
                0x000000000000b258       0x24 _build_2/nrf52832_xxaa/nm_bsp_nrf52832.c.o
 .text.nrf_gpio_cfg_sense_input
                0x000000000000b27c       0x2e _build_2/nrf52832_xxaa/nm_bsp_nrf52832.c.o
 .text.nrf_gpio_pin_set
                0x000000000000b2aa       0x2a _build_2/nrf52832_xxaa/nm_bsp_nrf52832.c.o
 .text.nrf_gpio_pin_clear
                0x000000000000b2d4       0x2a _build_2/nrf52832_xxaa/nm_bsp_nrf52832.c.o
 .text.nrf_gpio_port_out_set
                0x000000000000b2fe       0x1e _build_2/nrf52832_xxaa/nm_bsp_nrf52832.c.o
 .text.nrf_gpio_port_out_clear
                0x000000000000b31c       0x1e _build_2/nrf52832_xxaa/nm_bsp_nrf52832.c.o
 *fill*         0x000000000000b33a        0x2 
 .text.nrf_delay_us
                0x000000000000b33c       0xa8 _build_2/nrf52832_xxaa/nm_bsp_nrf52832.c.o
 .text.nrf_delay_ms
                0x000000000000b3e4       0x20 _build_2/nrf52832_xxaa/nm_bsp_nrf52832.c.o
 .text.chip_isr
                0x000000000000b404       0x2c _build_2/nrf52832_xxaa/nm_bsp_nrf52832.c.o
 .text.nm_bsp_reset
                0x000000000000b430       0x4a _build_2/nrf52832_xxaa/nm_bsp_nrf52832.c.o
                0x000000000000b430                nm_bsp_reset
 .text.config_output
                0x000000000000b47a       0x24 _build_2/nrf52832_xxaa/nm_bsp_nrf52832.c.o
 .text.init_chip_pins
                0x000000000000b49e       0x32 _build_2/nrf52832_xxaa/nm_bsp_nrf52832.c.o
 .text.nm_bsp_init
                0x000000000000b4d0       0x1c _build_2/nrf52832_xxaa/nm_bsp_nrf52832.c.o
                0x000000000000b4d0                nm_bsp_init
 .text.nm_bsp_sleep
                0x000000000000b4ec       0x16 _build_2/nrf52832_xxaa/nm_bsp_nrf52832.c.o
                0x000000000000b4ec                nm_bsp_sleep
 *fill*         0x000000000000b502        0x2 
 .text.nm_bsp_register_isr
                0x000000000000b504       0x80 _build_2/nrf52832_xxaa/nm_bsp_nrf52832.c.o
                0x000000000000b504                nm_bsp_register_isr
 .text.nm_bsp_interrupt_ctrl
                0x000000000000b584       0x28 _build_2/nrf52832_xxaa/nm_bsp_nrf52832.c.o
                0x000000000000b584                nm_bsp_interrupt_ctrl
 .text.nm_get_firmware_full_info
                0x000000000000b5ac      0x13c _build_2/nrf52832_xxaa/nmdrv.c.o
                0x000000000000b5ac                nm_get_firmware_full_info
 .text.nm_drv_init
                0x000000000000b6e8      0x110 _build_2/nrf52832_xxaa/nmdrv.c.o
                0x000000000000b6e8                nm_drv_init
 .text.nm_drv_deinit
                0x000000000000b7f8       0xb0 _build_2/nrf52832_xxaa/nmdrv.c.o
                0x000000000000b7f8                nm_drv_deinit
 .text.nm_bus_iface_init
                0x000000000000b8a8       0x22 _build_2/nrf52832_xxaa/nmbus.c.o
                0x000000000000b8a8                nm_bus_iface_init
 .text.nm_bus_iface_deinit
                0x000000000000b8ca       0x1e _build_2/nrf52832_xxaa/nmbus.c.o
                0x000000000000b8ca                nm_bus_iface_deinit
 .text.nm_bus_reset
                0x000000000000b8e8       0x18 _build_2/nrf52832_xxaa/nmbus.c.o
                0x000000000000b8e8                nm_bus_reset
 .text.nm_read_reg
                0x000000000000b900       0x18 _build_2/nrf52832_xxaa/nmbus.c.o
                0x000000000000b900                nm_read_reg
 .text.nm_read_reg_with_ret
                0x000000000000b918       0x1c _build_2/nrf52832_xxaa/nmbus.c.o
                0x000000000000b918                nm_read_reg_with_ret
 .text.nm_write_reg
                0x000000000000b934       0x1c _build_2/nrf52832_xxaa/nmbus.c.o
                0x000000000000b934                nm_write_reg
 .text.p_nm_read_block
                0x000000000000b950       0x24 _build_2/nrf52832_xxaa/nmbus.c.o
 .text.nm_read_block
                0x000000000000b974       0x94 _build_2/nrf52832_xxaa/nmbus.c.o
                0x000000000000b974                nm_read_block
 .text.p_nm_write_block
                0x000000000000ba08       0x24 _build_2/nrf52832_xxaa/nmbus.c.o
 .text.nm_write_block
                0x000000000000ba2c       0x94 _build_2/nrf52832_xxaa/nmbus.c.o
                0x000000000000ba2c                nm_write_block
 .text.Socket_ReadSocketData
                0x000000000000bac0      0x168 _build_2/nrf52832_xxaa/socket.c.o
                0x000000000000bac0                Socket_ReadSocketData
 .text.m2m_ip_cb
                0x000000000000bc28      0x43c _build_2/nrf52832_xxaa/socket.c.o
 .text.socketInit
                0x000000000000c064       0x40 _build_2/nrf52832_xxaa/socket.c.o
                0x000000000000c064                socketInit
 .text.registerSocketCallback
                0x000000000000c0a4       0x2c _build_2/nrf52832_xxaa/socket.c.o
                0x000000000000c0a4                registerSocketCallback
 .text.socket   0x000000000000c0d0      0x1a4 _build_2/nrf52832_xxaa/socket.c.o
                0x000000000000c0d0                socket
 .text.connect  0x000000000000c274       0xcc _build_2/nrf52832_xxaa/socket.c.o
                0x000000000000c274                connect
 .text.send     0x000000000000c340       0xec _build_2/nrf52832_xxaa/socket.c.o
                0x000000000000c340                send
 .text.close    0x000000000000c42c       0xf4 _build_2/nrf52832_xxaa/socket.c.o
                0x000000000000c42c                close
 .text.chip_apply_conf
                0x000000000000c520       0x60 _build_2/nrf52832_xxaa/nmasic.c.o
                0x000000000000c520                chip_apply_conf
 .text.enable_interrupts
                0x000000000000c580       0x94 _build_2/nrf52832_xxaa/nmasic.c.o
                0x000000000000c580                enable_interrupts
 .text.nmi_get_chipid
                0x000000000000c614       0xe8 _build_2/nrf52832_xxaa/nmasic.c.o
                0x000000000000c614                nmi_get_chipid
 .text.chip_sleep
                0x000000000000c6fc       0xc4 _build_2/nrf52832_xxaa/nmasic.c.o
                0x000000000000c6fc                chip_sleep
 .text.chip_wake
                0x000000000000c7c0      0x134 _build_2/nrf52832_xxaa/nmasic.c.o
                0x000000000000c7c0                chip_wake
 .text.wait_for_bootrom
                0x000000000000c8f4      0x140 _build_2/nrf52832_xxaa/nmasic.c.o
                0x000000000000c8f4                wait_for_bootrom
 .text.wait_for_firmware_start
                0x000000000000ca34       0x94 _build_2/nrf52832_xxaa/nmasic.c.o
                0x000000000000ca34                wait_for_firmware_start
 .text.chip_deinit
                0x000000000000cac8       0x94 _build_2/nrf52832_xxaa/nmasic.c.o
                0x000000000000cac8                chip_deinit
 .text.nmi_spi_read
                0x000000000000cb5c       0x2e _build_2/nrf52832_xxaa/nmspi.c.o
 .text.nmi_spi_write
                0x000000000000cb8a       0x2e _build_2/nrf52832_xxaa/nmspi.c.o
 .text.crc7_byte
                0x000000000000cbb8       0x2c _build_2/nrf52832_xxaa/nmspi.c.o
 .text.crc7     0x000000000000cbe4       0x3a _build_2/nrf52832_xxaa/nmspi.c.o
 *fill*         0x000000000000cc1e        0x2 
 .text.spi_cmd  0x000000000000cc20      0x254 _build_2/nrf52832_xxaa/nmspi.c.o
 .text.spi_data_rsp
                0x000000000000ce74       0xc4 _build_2/nrf52832_xxaa/nmspi.c.o
 .text.spi_cmd_rsp
                0x000000000000cf38       0xec _build_2/nrf52832_xxaa/nmspi.c.o
 .text.spi_data_read
                0x000000000000d024      0x174 _build_2/nrf52832_xxaa/nmspi.c.o
 .text.spi_data_write
                0x000000000000d198      0x148 _build_2/nrf52832_xxaa/nmspi.c.o
 .text.spi_write_reg
                0x000000000000d2e0      0x114 _build_2/nrf52832_xxaa/nmspi.c.o
 .text.nm_spi_write
                0x000000000000d3f4      0x168 _build_2/nrf52832_xxaa/nmspi.c.o
 .text.spi_read_reg
                0x000000000000d55c      0x168 _build_2/nrf52832_xxaa/nmspi.c.o
 .text.nm_spi_read
                0x000000000000d6c4      0x164 _build_2/nrf52832_xxaa/nmspi.c.o
 .text.spi_init_pkt_sz
                0x000000000000d828       0x34 _build_2/nrf52832_xxaa/nmspi.c.o
 .text.nm_spi_reset
                0x000000000000d85c       0x24 _build_2/nrf52832_xxaa/nmspi.c.o
                0x000000000000d85c                nm_spi_reset
 .text.nm_spi_init
                0x000000000000d880      0x120 _build_2/nrf52832_xxaa/nmspi.c.o
                0x000000000000d880                nm_spi_init
 .text.nm_spi_deinit
                0x000000000000d9a0       0x1c _build_2/nrf52832_xxaa/nmspi.c.o
                0x000000000000d9a0                nm_spi_deinit
 .text.nm_spi_read_reg
                0x000000000000d9bc       0x1e _build_2/nrf52832_xxaa/nmspi.c.o
                0x000000000000d9bc                nm_spi_read_reg
 .text.nm_spi_read_reg_with_ret
                0x000000000000d9da       0x34 _build_2/nrf52832_xxaa/nmspi.c.o
                0x000000000000d9da                nm_spi_read_reg_with_ret
 .text.nm_spi_write_reg
                0x000000000000da0e       0x34 _build_2/nrf52832_xxaa/nmspi.c.o
                0x000000000000da0e                nm_spi_write_reg
 .text.nm_spi_read_block
                0x000000000000da42       0x3c _build_2/nrf52832_xxaa/nmspi.c.o
                0x000000000000da42                nm_spi_read_block
 .text.nm_spi_write_block
                0x000000000000da7e       0x3c _build_2/nrf52832_xxaa/nmspi.c.o
                0x000000000000da7e                nm_spi_write_block
 *fill*         0x000000000000daba        0x2 
 .text.spi_flash_rdid
                0x000000000000dabc      0x10c _build_2/nrf52832_xxaa/spi_flash.c.o
 .text.spi_flash_enter_low_power_mode
                0x000000000000dbc8       0x6c _build_2/nrf52832_xxaa/spi_flash.c.o
 .text.spi_flash_leave_low_power_mode
                0x000000000000dc34       0x6c _build_2/nrf52832_xxaa/spi_flash.c.o
 .text.spi_flash_enable
                0x000000000000dca0       0x9c _build_2/nrf52832_xxaa/spi_flash.c.o
                0x000000000000dca0                spi_flash_enable
 .text.spi_flash_get_size
                0x000000000000dd3c       0x98 _build_2/nrf52832_xxaa/spi_flash.c.o
                0x000000000000dd3c                spi_flash_get_size
 .text.nrf_gpio_pin_port_decode
                0x000000000000ddd4       0x18 _build_2/nrf52832_xxaa/nm_bus_wrapper_nrf52832.c.o
 .text.nrf_gpio_pin_set
                0x000000000000ddec       0x2a _build_2/nrf52832_xxaa/nm_bus_wrapper_nrf52832.c.o
 .text.nrf_gpio_port_out_set
                0x000000000000de16       0x1e _build_2/nrf52832_xxaa/nm_bus_wrapper_nrf52832.c.o
 .text.spi_rw   0x000000000000de34       0x5c _build_2/nrf52832_xxaa/nm_bus_wrapper_nrf52832.c.o
 .text.nm_bus_init
                0x000000000000de90       0x74 _build_2/nrf52832_xxaa/nm_bus_wrapper_nrf52832.c.o
                0x000000000000de90                nm_bus_init
 .text.nm_bus_ioctl
                0x000000000000df04       0x6c _build_2/nrf52832_xxaa/nm_bus_wrapper_nrf52832.c.o
                0x000000000000df04                nm_bus_ioctl
 .text.nm_bus_deinit
                0x000000000000df70       0x10 _build_2/nrf52832_xxaa/nm_bus_wrapper_nrf52832.c.o
                0x000000000000df70                nm_bus_deinit
 .text.exit     0x000000000000df80       0x28 /opt/gcc-arm-none-eabi-6-2017-q2-update/bin/../lib/gcc/arm-none-eabi/6.3.1/../../../../arm-none-eabi/lib/thumb/v7e-m/fpv4-sp/hard/libc_nano.a(lib_a-exit.o)
                0x000000000000df80                exit
 .text.__libc_init_array
                0x000000000000dfa8       0x48 /opt/gcc-arm-none-eabi-6-2017-q2-update/bin/../lib/gcc/arm-none-eabi/6.3.1/../../../../arm-none-eabi/lib/thumb/v7e-m/fpv4-sp/hard/libc_nano.a(lib_a-init.o)
                0x000000000000dfa8                __libc_init_array
 .text.__locale_ctype_ptr
                0x000000000000dff0       0x1c /opt/gcc-arm-none-eabi-6-2017-q2-update/bin/../lib/gcc/arm-none-eabi/6.3.1/../../../../arm-none-eabi/lib/thumb/v7e-m/fpv4-sp/hard/libc_nano.a(lib_a-locale.o)
                0x000000000000dff0                __locale_ctype_ptr
 .text.malloc   0x000000000000e00c       0x10 /opt/gcc-arm-none-eabi-6-2017-q2-update/bin/../lib/gcc/arm-none-eabi/6.3.1/../../../../arm-none-eabi/lib/thumb/v7e-m/fpv4-sp/hard/libc_nano.a(lib_a-malloc.o)
                0x000000000000e00c                malloc
 .text.free     0x000000000000e01c       0x10 /opt/gcc-arm-none-eabi-6-2017-q2-update/bin/../lib/gcc/arm-none-eabi/6.3.1/../../../../arm-none-eabi/lib/thumb/v7e-m/fpv4-sp/hard/libc_nano.a(lib_a-malloc.o)
                0x000000000000e01c                free
 .text.__ascii_mbtowc
                0x000000000000e02c       0x24 /opt/gcc-arm-none-eabi-6-2017-q2-update/bin/../lib/gcc/arm-none-eabi/6.3.1/../../../../arm-none-eabi/lib/thumb/v7e-m/fpv4-sp/hard/libc_nano.a(lib_a-mbtowc_r.o)
                0x000000000000e02c                __ascii_mbtowc
 .text.memcpy   0x000000000000e050       0x16 /opt/gcc-arm-none-eabi-6-2017-q2-update/bin/../lib/gcc/arm-none-eabi/6.3.1/../../../../arm-none-eabi/lib/thumb/v7e-m/fpv4-sp/hard/libc_nano.a(lib_a-memcpy-stub.o)
                0x000000000000e050                memcpy
 .text.memset   0x000000000000e066       0x10 /opt/gcc-arm-none-eabi-6-2017-q2-update/bin/../lib/gcc/arm-none-eabi/6.3.1/../../../../arm-none-eabi/lib/thumb/v7e-m/fpv4-sp/hard/libc_nano.a(lib_a-memset.o)
                0x000000000000e066                memset
 *fill*         0x000000000000e076        0x2 
 .text._free_r  0x000000000000e078       0x9c /opt/gcc-arm-none-eabi-6-2017-q2-update/bin/../lib/gcc/arm-none-eabi/6.3.1/../../../../arm-none-eabi/lib/thumb/v7e-m/fpv4-sp/hard/libc_nano.a(lib_a-nano-freer.o)
                0x000000000000e078                _free_r
 .text._malloc_r
                0x000000000000e114       0xbc /opt/gcc-arm-none-eabi-6-2017-q2-update/bin/../lib/gcc/arm-none-eabi/6.3.1/../../../../arm-none-eabi/lib/thumb/v7e-m/fpv4-sp/hard/libc_nano.a(lib_a-nano-mallocr.o)
                0x000000000000e114                _malloc_r
 .text.printf   0x000000000000e1d0       0x30 /opt/gcc-arm-none-eabi-6-2017-q2-update/bin/../lib/gcc/arm-none-eabi/6.3.1/../../../../arm-none-eabi/lib/thumb/v7e-m/fpv4-sp/hard/libc_nano.a(lib_a-printf.o)
                0x000000000000e1d0                printf
                0x000000000000e1d0                iprintf
 .text._sbrk_r  0x000000000000e200       0x20 /opt/gcc-arm-none-eabi-6-2017-q2-update/bin/../lib/gcc/arm-none-eabi/6.3.1/../../../../arm-none-eabi/lib/thumb/v7e-m/fpv4-sp/hard/libc_nano.a(lib_a-sbrkr.o)
                0x000000000000e200                _sbrk_r
 .text.sprintf  0x000000000000e220       0x48 /opt/gcc-arm-none-eabi-6-2017-q2-update/bin/../lib/gcc/arm-none-eabi/6.3.1/../../../../arm-none-eabi/lib/thumb/v7e-m/fpv4-sp/hard/libc_nano.a(lib_a-sprintf.o)
                0x000000000000e220                sprintf
                0x000000000000e220                siprintf
 .text.strcpy   0x000000000000e268       0x10 /opt/gcc-arm-none-eabi-6-2017-q2-update/bin/../lib/gcc/arm-none-eabi/6.3.1/../../../../arm-none-eabi/lib/thumb/v7e-m/fpv4-sp/hard/libc_nano.a(lib_a-strcpy.o)
                0x000000000000e268                strcpy
 .text          0x000000000000e278       0x10 /opt/gcc-arm-none-eabi-6-2017-q2-update/bin/../lib/gcc/arm-none-eabi/6.3.1/../../../../arm-none-eabi/lib/thumb/v7e-m/fpv4-sp/hard/libc_nano.a(lib_a-strlen.o)
                0x000000000000e278                strlen
 .text.__ascii_wctomb
                0x000000000000e288       0x1a /opt/gcc-arm-none-eabi-6-2017-q2-update/bin/../lib/gcc/arm-none-eabi/6.3.1/../../../../arm-none-eabi/lib/thumb/v7e-m/fpv4-sp/hard/libc_nano.a(lib_a-wctomb_r.o)
                0x000000000000e288                __ascii_wctomb
 *fill*         0x000000000000e2a2        0x2 
 .text._cleanup_r
                0x000000000000e2a4        0xc /opt/gcc-arm-none-eabi-6-2017-q2-update/bin/../lib/gcc/arm-none-eabi/6.3.1/../../../../arm-none-eabi/lib/thumb/v7e-m/fpv4-sp/hard/libc_nano.a(lib_a-findfp.o)
                0x000000000000e2a4                _cleanup_r
 .text.std.isra.0
                0x000000000000e2b0       0x48 /opt/gcc-arm-none-eabi-6-2017-q2-update/bin/../lib/gcc/arm-none-eabi/6.3.1/../../../../arm-none-eabi/lib/thumb/v7e-m/fpv4-sp/hard/libc_nano.a(lib_a-findfp.o)
 .text.__sfmoreglue
                0x000000000000e2f8       0x2c /opt/gcc-arm-none-eabi-6-2017-q2-update/bin/../lib/gcc/arm-none-eabi/6.3.1/../../../../arm-none-eabi/lib/thumb/v7e-m/fpv4-sp/hard/libc_nano.a(lib_a-findfp.o)
                0x000000000000e2f8                __sfmoreglue
 .text.__sinit  0x000000000000e324       0x60 /opt/gcc-arm-none-eabi-6-2017-q2-update/bin/../lib/gcc/arm-none-eabi/6.3.1/../../../../arm-none-eabi/lib/thumb/v7e-m/fpv4-sp/hard/libc_nano.a(lib_a-findfp.o)
                0x000000000000e324                __sinit
 .text.__sfp    0x000000000000e384       0x78 /opt/gcc-arm-none-eabi-6-2017-q2-update/bin/../lib/gcc/arm-none-eabi/6.3.1/../../../../arm-none-eabi/lib/thumb/v7e-m/fpv4-sp/hard/libc_nano.a(lib_a-findfp.o)
                0x000000000000e384                __sfp
 .text._fwalk_reent
                0x000000000000e3fc       0x3c /opt/gcc-arm-none-eabi-6-2017-q2-update/bin/../lib/gcc/arm-none-eabi/6.3.1/../../../../arm-none-eabi/lib/thumb/v7e-m/fpv4-sp/hard/libc_nano.a(lib_a-fwalk.o)
                0x000000000000e3fc                _fwalk_reent
 .text.__malloc_lock
                0x000000000000e438        0x2 /opt/gcc-arm-none-eabi-6-2017-q2-update/bin/../lib/gcc/arm-none-eabi/6.3.1/../../../../arm-none-eabi/lib/thumb/v7e-m/fpv4-sp/hard/libc_nano.a(lib_a-mlock.o)
                0x000000000000e438                __malloc_lock
 .text.__malloc_unlock
                0x000000000000e43a        0x2 /opt/gcc-arm-none-eabi-6-2017-q2-update/bin/../lib/gcc/arm-none-eabi/6.3.1/../../../../arm-none-eabi/lib/thumb/v7e-m/fpv4-sp/hard/libc_nano.a(lib_a-mlock.o)
                0x000000000000e43a                __malloc_unlock
 .text.__ssputs_r
                0x000000000000e43c       0xb6 /opt/gcc-arm-none-eabi-6-2017-q2-update/bin/../lib/gcc/arm-none-eabi/6.3.1/../../../../arm-none-eabi/lib/thumb/v7e-m/fpv4-sp/hard/libc_nano.a(lib_a-nano-svfprintf.o)
                0x000000000000e43c                __ssputs_r
 *fill*         0x000000000000e4f2        0x2 
 .text._svfprintf_r
                0x000000000000e4f4      0x1e8 /opt/gcc-arm-none-eabi-6-2017-q2-update/bin/../lib/gcc/arm-none-eabi/6.3.1/../../../../arm-none-eabi/lib/thumb/v7e-m/fpv4-sp/hard/libc_nano.a(lib_a-nano-svfprintf.o)
                0x000000000000e4f4                _svfprintf_r
                0x000000000000e4f4                _svfiprintf_r
 .text.__sfputc_r
                0x000000000000e6dc       0x30 /opt/gcc-arm-none-eabi-6-2017-q2-update/bin/../lib/gcc/arm-none-eabi/6.3.1/../../../../arm-none-eabi/lib/thumb/v7e-m/fpv4-sp/hard/libc_nano.a(lib_a-nano-vfprintf.o)
 .text.__sfputs_r
                0x000000000000e70c       0x24 /opt/gcc-arm-none-eabi-6-2017-q2-update/bin/../lib/gcc/arm-none-eabi/6.3.1/../../../../arm-none-eabi/lib/thumb/v7e-m/fpv4-sp/hard/libc_nano.a(lib_a-nano-vfprintf.o)
                0x000000000000e70c                __sfputs_r
 .text._vfprintf_r
                0x000000000000e730      0x22c /opt/gcc-arm-none-eabi-6-2017-q2-update/bin/../lib/gcc/arm-none-eabi/6.3.1/../../../../arm-none-eabi/lib/thumb/v7e-m/fpv4-sp/hard/libc_nano.a(lib_a-nano-vfprintf.o)
                0x000000000000e730                _vfiprintf_r
                0x000000000000e730                _vfprintf_r
 .text._printf_common
                0x000000000000e95c       0xec /opt/gcc-arm-none-eabi-6-2017-q2-update/bin/../lib/gcc/arm-none-eabi/6.3.1/../../../../arm-none-eabi/lib/thumb/v7e-m/fpv4-sp/hard/libc_nano.a(lib_a-nano-vfprintf_i.o)
                0x000000000000e95c                _printf_common
 .text._printf_i
                0x000000000000ea48      0x240 /opt/gcc-arm-none-eabi-6-2017-q2-update/bin/../lib/gcc/arm-none-eabi/6.3.1/../../../../arm-none-eabi/lib/thumb/v7e-m/fpv4-sp/hard/libc_nano.a(lib_a-nano-vfprintf_i.o)
                0x000000000000ea48                _printf_i
 .text.__sread  0x000000000000ec88       0x22 /opt/gcc-arm-none-eabi-6-2017-q2-update/bin/../lib/gcc/arm-none-eabi/6.3.1/../../../../arm-none-eabi/lib/thumb/v7e-m/fpv4-sp/hard/libc_nano.a(lib_a-stdio.o)
                0x000000000000ec88                __sread
 .text.__swrite
                0x000000000000ecaa       0x38 /opt/gcc-arm-none-eabi-6-2017-q2-update/bin/../lib/gcc/arm-none-eabi/6.3.1/../../../../arm-none-eabi/lib/thumb/v7e-m/fpv4-sp/hard/libc_nano.a(lib_a-stdio.o)
                0x000000000000ecaa                __swrite
 .text.__sseek  0x000000000000ece2       0x24 /opt/gcc-arm-none-eabi-6-2017-q2-update/bin/../lib/gcc/arm-none-eabi/6.3.1/../../../../arm-none-eabi/lib/thumb/v7e-m/fpv4-sp/hard/libc_nano.a(lib_a-stdio.o)
                0x000000000000ece2                __sseek
 .text.__sclose
                0x000000000000ed06        0x8 /opt/gcc-arm-none-eabi-6-2017-q2-update/bin/../lib/gcc/arm-none-eabi/6.3.1/../../../../arm-none-eabi/lib/thumb/v7e-m/fpv4-sp/hard/libc_nano.a(lib_a-stdio.o)
                0x000000000000ed06                __sclose
 *fill*         0x000000000000ed0e        0x2 
 .text.__swbuf_r
                0x000000000000ed10       0xa4 /opt/gcc-arm-none-eabi-6-2017-q2-update/bin/../lib/gcc/arm-none-eabi/6.3.1/../../../../arm-none-eabi/lib/thumb/v7e-m/fpv4-sp/hard/libc_nano.a(lib_a-wbuf.o)
                0x000000000000ed10                __swbuf_r
 .text._write_r
                0x000000000000edb4       0x24 /opt/gcc-arm-none-eabi-6-2017-q2-update/bin/../lib/gcc/arm-none-eabi/6.3.1/../../../../arm-none-eabi/lib/thumb/v7e-m/fpv4-sp/hard/libc_nano.a(lib_a-writer.o)
                0x000000000000edb4                _write_r
 .text.__swsetup_r
                0x000000000000edd8       0xdc /opt/gcc-arm-none-eabi-6-2017-q2-update/bin/../lib/gcc/arm-none-eabi/6.3.1/../../../../arm-none-eabi/lib/thumb/v7e-m/fpv4-sp/hard/libc_nano.a(lib_a-wsetup.o)
                0x000000000000edd8                __swsetup_r
 .text._close_r
                0x000000000000eeb4       0x20 /opt/gcc-arm-none-eabi-6-2017-q2-update/bin/../lib/gcc/arm-none-eabi/6.3.1/../../../../arm-none-eabi/lib/thumb/v7e-m/fpv4-sp/hard/libc_nano.a(lib_a-closer.o)
                0x000000000000eeb4                _close_r
 .text.__sflush_r
                0x000000000000eed4      0x110 /opt/gcc-arm-none-eabi-6-2017-q2-update/bin/../lib/gcc/arm-none-eabi/6.3.1/../../../../arm-none-eabi/lib/thumb/v7e-m/fpv4-sp/hard/libc_nano.a(lib_a-fflush.o)
                0x000000000000eed4                __sflush_r
 .text._fflush_r
                0x000000000000efe4       0x54 /opt/gcc-arm-none-eabi-6-2017-q2-update/bin/../lib/gcc/arm-none-eabi/6.3.1/../../../../arm-none-eabi/lib/thumb/v7e-m/fpv4-sp/hard/libc_nano.a(lib_a-fflush.o)
                0x000000000000efe4                _fflush_r
 .text._lseek_r
                0x000000000000f038       0x24 /opt/gcc-arm-none-eabi-6-2017-q2-update/bin/../lib/gcc/arm-none-eabi/6.3.1/../../../../arm-none-eabi/lib/thumb/v7e-m/fpv4-sp/hard/libc_nano.a(lib_a-lseekr.o)
                0x000000000000f038                _lseek_r
 .text.__swhatbuf_r
                0x000000000000f05c       0x48 /opt/gcc-arm-none-eabi-6-2017-q2-update/bin/../lib/gcc/arm-none-eabi/6.3.1/../../../../arm-none-eabi/lib/thumb/v7e-m/fpv4-sp/hard/libc_nano.a(lib_a-makebuf.o)
                0x000000000000f05c                __swhatbuf_r
 .text.__smakebuf_r
                0x000000000000f0a4       0x80 /opt/gcc-arm-none-eabi-6-2017-q2-update/bin/../lib/gcc/arm-none-eabi/6.3.1/../../../../arm-none-eabi/lib/thumb/v7e-m/fpv4-sp/hard/libc_nano.a(lib_a-makebuf.o)
                0x000000000000f0a4                __smakebuf_r
 *fill*         0x000000000000f124        0xc 
 .text          0x000000000000f130       0xa0 /opt/gcc-arm-none-eabi-6-2017-q2-update/bin/../lib/gcc/arm-none-eabi/6.3.1/../../../../arm-none-eabi/lib/thumb/v7e-m/fpv4-sp/hard/libc_nano.a(lib_a-memchr.o)
                0x000000000000f130                memchr
 .text.memmove  0x000000000000f1d0       0x34 /opt/gcc-arm-none-eabi-6-2017-q2-update/bin/../lib/gcc/arm-none-eabi/6.3.1/../../../../arm-none-eabi/lib/thumb/v7e-m/fpv4-sp/hard/libc_nano.a(lib_a-memmove.o)
                0x000000000000f1d0                memmove
 .text._realloc_r
                0x000000000000f204       0x4c /opt/gcc-arm-none-eabi-6-2017-q2-update/bin/../lib/gcc/arm-none-eabi/6.3.1/../../../../arm-none-eabi/lib/thumb/v7e-m/fpv4-sp/hard/libc_nano.a(lib_a-nano-reallocr.o)
                0x000000000000f204                _realloc_r
 .text._read_r  0x000000000000f250       0x24 /opt/gcc-arm-none-eabi-6-2017-q2-update/bin/../lib/gcc/arm-none-eabi/6.3.1/../../../../arm-none-eabi/lib/thumb/v7e-m/fpv4-sp/hard/libc_nano.a(lib_a-readr.o)
                0x000000000000f250                _read_r
 .text._fstat_r
                0x000000000000f274       0x24 /opt/gcc-arm-none-eabi-6-2017-q2-update/bin/../lib/gcc/arm-none-eabi/6.3.1/../../../../arm-none-eabi/lib/thumb/v7e-m/fpv4-sp/hard/libc_nano.a(lib_a-fstatr.o)
                0x000000000000f274                _fstat_r
 .text._isatty_r
                0x000000000000f298       0x20 /opt/gcc-arm-none-eabi-6-2017-q2-update/bin/../lib/gcc/arm-none-eabi/6.3.1/../../../../arm-none-eabi/lib/thumb/v7e-m/fpv4-sp/hard/libc_nano.a(lib_a-isattyr.o)
                0x000000000000f298                _isatty_r
 .text._malloc_usable_size_r
                0x000000000000f2b8       0x12 /opt/gcc-arm-none-eabi-6-2017-q2-update/bin/../lib/gcc/arm-none-eabi/6.3.1/../../../../arm-none-eabi/lib/thumb/v7e-m/fpv4-sp/hard/libc_nano.a(lib_a-nano-msizer.o)
                0x000000000000f2b8                _malloc_usable_size_r
 *fill*         0x000000000000f2ca        0x2 
 .text._close   0x000000000000f2cc       0x10 /opt/gcc-arm-none-eabi-6-2017-q2-update/bin/../lib/gcc/arm-none-eabi/6.3.1/../../../../arm-none-eabi/lib/thumb/v7e-m/fpv4-sp/hard/libnosys.a(close.o)
                0x000000000000f2cc                _close
 .text._fstat   0x000000000000f2dc       0x10 /opt/gcc-arm-none-eabi-6-2017-q2-update/bin/../lib/gcc/arm-none-eabi/6.3.1/../../../../arm-none-eabi/lib/thumb/v7e-m/fpv4-sp/hard/libnosys.a(fstat.o)
                0x000000000000f2dc                _fstat
 .text._isatty  0x000000000000f2ec       0x10 /opt/gcc-arm-none-eabi-6-2017-q2-update/bin/../lib/gcc/arm-none-eabi/6.3.1/../../../../arm-none-eabi/lib/thumb/v7e-m/fpv4-sp/hard/libnosys.a(isatty.o)
                0x000000000000f2ec                _isatty
 .text._lseek   0x000000000000f2fc       0x10 /opt/gcc-arm-none-eabi-6-2017-q2-update/bin/../lib/gcc/arm-none-eabi/6.3.1/../../../../arm-none-eabi/lib/thumb/v7e-m/fpv4-sp/hard/libnosys.a(lseek.o)
                0x000000000000f2fc                _lseek
 .text._sbrk    0x000000000000f30c       0x1c /opt/gcc-arm-none-eabi-6-2017-q2-update/bin/../lib/gcc/arm-none-eabi/6.3.1/../../../../arm-none-eabi/lib/thumb/v7e-m/fpv4-sp/hard/libnosys.a(sbrk.o)
                0x000000000000f30c                _sbrk
 .text._exit    0x000000000000f328        0x4 /opt/gcc-arm-none-eabi-6-2017-q2-update/bin/../lib/gcc/arm-none-eabi/6.3.1/../../../../arm-none-eabi/lib/thumb/v7e-m/fpv4-sp/hard/libnosys.a(_exit.o)
                0x000000000000f328                _exit
 .text          0x000000000000f32c       0xa0 /opt/gcc-arm-none-eabi-6-2017-q2-update/bin/../lib/gcc/arm-none-eabi/6.3.1/thumb/v7e-m/fpv4-sp/hard/libgcc.a(_aeabi_ldivmod.o)
                0x000000000000f32c                __aeabi_ldivmod
 .text          0x000000000000f3cc       0x30 /opt/gcc-arm-none-eabi-6-2017-q2-update/bin/../lib/gcc/arm-none-eabi/6.3.1/thumb/v7e-m/fpv4-sp/hard/libgcc.a(_aeabi_uldivmod.o)
                0x000000000000f3cc                __aeabi_uldivmod
 .text          0x000000000000f3fc      0x2dc /opt/gcc-arm-none-eabi-6-2017-q2-update/bin/../lib/gcc/arm-none-eabi/6.3.1/thumb/v7e-m/fpv4-sp/hard/libgcc.a(_udivmoddi4.o)
                0x000000000000f3fc                __udivmoddi4
 .text          0x000000000000f6d8        0x4 /opt/gcc-arm-none-eabi-6-2017-q2-update/bin/../lib/gcc/arm-none-eabi/6.3.1/thumb/v7e-m/fpv4-sp/hard/libgcc.a(_dvmd_tls.o)
                0x000000000000f6d8                __aeabi_ldiv0
                0x000000000000f6d8                __aeabi_idiv0
 *(.init)
 .init          0x000000000000f6dc        0x4 /opt/gcc-arm-none-eabi-6-2017-q2-update/bin/../lib/gcc/arm-none-eabi/6.3.1/thumb/v7e-m/fpv4-sp/hard/crti.o
                0x000000000000f6dc                _init
 .init          0x000000000000f6e0        0x8 /opt/gcc-arm-none-eabi-6-2017-q2-update/bin/../lib/gcc/arm-none-eabi/6.3.1/thumb/v7e-m/fpv4-sp/hard/crtn.o
 *(.fini)
 .fini          0x000000000000f6e8        0x4 /opt/gcc-arm-none-eabi-6-2017-q2-update/bin/../lib/gcc/arm-none-eabi/6.3.1/thumb/v7e-m/fpv4-sp/hard/crti.o
                0x000000000000f6e8                _fini
 .fini          0x000000000000f6ec        0x8 /opt/gcc-arm-none-eabi-6-2017-q2-update/bin/../lib/gcc/arm-none-eabi/6.3.1/thumb/v7e-m/fpv4-sp/hard/crtn.o
 *crtbegin.o(.ctors)
 *crtbegin?.o(.ctors)
 *(EXCLUDE_FILE(*crtend.o *crtend?.o) .ctors)
 *(SORT(.ctors.*))
 *(.ctors)
 *crtbegin.o(.dtors)
 *crtbegin?.o(.dtors)
 *(EXCLUDE_FILE(*crtend.o *crtend?.o) .dtors)
 *(SORT(.dtors.*))
 *(.dtors)
 *(.rodata*)
 .rodata.nrf_log_backend_rtt_api
                0x000000000000f6f4        0xc _build_2/nrf52832_xxaa/nrf_log_backend_rtt.c.o
                0x000000000000f6f4                nrf_log_backend_rtt_api
 .rodata        0x000000000000f700       0x20 _build_2/nrf52832_xxaa/nrf_log_backend_uart.c.o
 .rodata.nrf_log_backend_uart_api
                0x000000000000f720        0xc _build_2/nrf52832_xxaa/nrf_log_backend_uart.c.o
                0x000000000000f720                nrf_log_backend_uart_api
 .rodata.mempool
                0x000000000000f72c       0x14 _build_2/nrf52832_xxaa/nrf_log_frontend.c.o
 .rodata        0x000000000000f740       0x10 _build_2/nrf52832_xxaa/nrf_log_frontend.c.o
 .rodata        0x000000000000f750       0x92 _build_2/nrf52832_xxaa/nrf_log_str_formatter.c.o
 *fill*         0x000000000000f7e2        0x2 
 .rodata.m_board_led_list
                0x000000000000f7e4        0x4 _build_2/nrf52832_xxaa/boards.c.o
 .rodata.m_board_btn_list
                0x000000000000f7e8        0x4 _build_2/nrf52832_xxaa/boards.c.o
 .rodata.m_detection_delay_timer_id
                0x000000000000f7ec        0x4 _build_2/nrf52832_xxaa/app_button.c.o
 .rodata        0x000000000000f7f0       0x19 _build_2/nrf52832_xxaa/app_error_weak.c.o
 *fill*         0x000000000000f809        0x3 
 .rodata        0x000000000000f80c        0x7 _build_2/nrf52832_xxaa/nrf_balloc.c.o
 *fill*         0x000000000000f813        0x1 
 .rodata._aV2C.7813
                0x000000000000f814       0x10 _build_2/nrf52832_xxaa/nrf_fprintf_format.c.o
 .rodata        0x000000000000f824        0x4 _build_2/nrf52832_xxaa/nrf_drv_twi.c.o
 .rodata        0x000000000000f828        0x7 _build_2/nrf52832_xxaa/nrf_drv_gpiote.c.o
 *fill*         0x000000000000f82f        0x1 
 .rodata        0x000000000000f830        0x4 _build_2/nrf52832_xxaa/nrf_drv_spi.c.o
 .rodata        0x000000000000f834        0x5 _build_2/nrf52832_xxaa/nrf_drv_uart.c.o
 *fill*         0x000000000000f839        0x3 
 .rodata        0x000000000000f83c       0x37 _build_2/nrf52832_xxaa/nrf_drv_clock.c.o
 *fill*         0x000000000000f873        0x1 
 .rodata.m_leds_timer_id
                0x000000000000f874        0x4 _build_2/nrf52832_xxaa/bsp.c.o
 .rodata.m_alert_timer_id
                0x000000000000f878        0x4 _build_2/nrf52832_xxaa/bsp.c.o
 .rodata.m_button_timer_id
                0x000000000000f87c        0x4 _build_2/nrf52832_xxaa/bsp.c.o
 .rodata.app_buttons
                0x000000000000f880       0x20 _build_2/nrf52832_xxaa/bsp.c.o